*** EVALUATION ***
PROGRAM "MyWirelessApp Demo Beacon (End Device).abs"

*********************************************************************************************
TARGET SECTION
---------------------------------------------------------------------------------------------
Processor   : Freescale HC08
Memory Model: BANKED
File Format : ELF\DWARF 2.0
Linker      : SmartLinker V-5.0.49 Build 12319, Nov 15 2012

*********************************************************************************************
FILE SECTION
---------------------------------------------------------------------------------------------
ZtcMain_c.obj                           Model: BANKED,        Lang: ANSI-C
TS_kernel_c.obj                         Model: BANKED,        Lang: ANSI-C
Uart_c.obj                              Model: BANKED,        Lang: ANSI-C
Timer_c.obj                             Model: BANKED,        Lang: ANSI-C
MMA8652_c.obj                           Model: BANKED,        Lang: ANSI-C
SPI_c.obj                               Model: BANKED,        Lang: ANSI-C
RSTHal_c.obj                            Model: BANKED,        Lang: ANSI-C
Led_c.obj                               Model: BANKED,        Lang: ANSI-C
PWRLib_c.obj                            Model: BANKED,        Lang: ANSI-C
PWR_MC1323x_c.obj                       Model: BANKED,        Lang: ANSI-C
Keyboard_c.obj                          Model: BANKED,        Lang: ANSI-C
IIC_c.obj                               Model: BANKED,        Lang: ANSI-C
FunctionLib_c.obj                       Model: BANKED,        Lang: ANSI-C
NV_Data_c.obj                           Model: BANKED,        Lang: ANSI-C
PlatformInit_c.obj                      Model: BANKED,        Lang: ANSI-C
crt0_c.obj                              Model: BANKED,        Lang: ANSI-C
dummyisr_c.obj                          Model: BANKED,        Lang: ANSI-C
icg_c.obj                               Model: BANKED,        Lang: ANSI-C
isrvectors_c.obj                        Model: BANKED,        Lang: ANSI-C
PhyISR_c.obj                            Model: BANKED,        Lang: ANSI-C
PhyPacketProcessor_c.obj                Model: BANKED,        Lang: ANSI-C
PhyPlmeData_c.obj                       Model: BANKED,        Lang: ANSI-C
PhyTime_c.obj                           Model: BANKED,        Lang: ANSI-C
UartUtil_c.obj                          Model: BANKED,        Lang: ANSI-C
MApp_c.obj                              Model: BANKED,        Lang: ANSI-C
MApp_init_c.obj                         Model: BANKED,        Lang: ANSI-C
MacInit_c.obj                           Model: BANKED,        Lang: ANSI-C
GlobalVars_c.obj                        Model: BANKED,        Lang: ANSI-C
rtshc08.o (ansibim.lib)                 Model: BANKED,        Lang: ANSI-C
PhyMacMsg_c.obj (802.15.4_MAC_FFD_S08MC1323x.Lib)Model: BANKED,        Lang: ANSI-C
SmApi_c.obj (802.15.4_MAC_FFD_S08MC1323x.Lib)Model: BANKED,        Lang: ANSI-C
SecurityLib_c.obj (802.15.4_MAC_FFD_S08MC1323x.Lib)Model: BANKED,        Lang: ANSI-C
SecurityApply_c.obj (802.15.4_MAC_FFD_S08MC1323x.Lib)Model: BANKED,        Lang: ANSI-C
SecurityControl_c.obj (802.15.4_MAC_FFD_S08MC1323x.Lib)Model: BANKED,        Lang: ANSI-C
PacketManager_c.obj (802.15.4_MAC_FFD_S08MC1323x.Lib)Model: BANKED,        Lang: ANSI-C
PacketLib_c.obj (802.15.4_MAC_FFD_S08MC1323x.Lib)Model: BANKED,        Lang: ANSI-C
MacPib_c.obj (802.15.4_MAC_FFD_S08MC1323x.Lib)Model: BANKED,        Lang: ANSI-C
MacConst_c.obj (802.15.4_MAC_FFD_S08MC1323x.Lib)Model: BANKED,        Lang: ANSI-C
ClockManager_c.obj (802.15.4_MAC_FFD_S08MC1323x.Lib)Model: BANKED,        Lang: ANSI-C
AsmDriver_c.obj (802.15.4_MAC_FFD_S08MC1323x.Lib)Model: BANKED,        Lang: ANSI-C
MacSeqMC1323X_c.obj (802.15.4_MAC_FFD_S08MC1323x.Lib)Model: BANKED,        Lang: ANSI-C
SeqRxMC1323X_c.obj (802.15.4_MAC_FFD_S08MC1323x.Lib)Model: BANKED,        Lang: ANSI-C
SeqSubMainMC1323X_c.obj (802.15.4_MAC_FFD_S08MC1323x.Lib)Model: BANKED,        Lang: ANSI-C
SeqTxMC1323X_c.obj (802.15.4_MAC_FFD_S08MC1323x.Lib)Model: BANKED,        Lang: ANSI-C
MlmeStart_c.obj (802.15.4_MAC_FFD_S08MC1323x.Lib)Model: BANKED,        Lang: ANSI-C
MlmeScan_c.obj (802.15.4_MAC_FFD_S08MC1323x.Lib)Model: BANKED,        Lang: ANSI-C
MlmePanIdConflict_c.obj (802.15.4_MAC_FFD_S08MC1323x.Lib)Model: BANKED,        Lang: ANSI-C
MlmeInputHandler_c.obj (802.15.4_MAC_FFD_S08MC1323x.Lib)Model: BANKED,        Lang: ANSI-C
MlmeMain_c.obj (802.15.4_MAC_FFD_S08MC1323x.Lib)Model: BANKED,        Lang: ANSI-C
MlmeOutputHandler_c.obj (802.15.4_MAC_FFD_S08MC1323x.Lib)Model: BANKED,        Lang: ANSI-C
MlmeSm_c.obj (802.15.4_MAC_FFD_S08MC1323x.Lib)Model: BANKED,        Lang: ANSI-C
MlmeGts_c.obj (802.15.4_MAC_FFD_S08MC1323x.Lib)Model: BANKED,        Lang: ANSI-C
MlmeAssociate_c.obj (802.15.4_MAC_FFD_S08MC1323x.Lib)Model: BANKED,        Lang: ANSI-C
MemTimer_c.obj (802.15.4_MAC_FFD_S08MC1323x.Lib)Model: BANKED,        Lang: ANSI-C
MemScan_c.obj (802.15.4_MAC_FFD_S08MC1323x.Lib)Model: BANKED,        Lang: ANSI-C
MemData_c.obj (802.15.4_MAC_FFD_S08MC1323x.Lib)Model: BANKED,        Lang: ANSI-C
MemBeacon_c.obj (802.15.4_MAC_FFD_S08MC1323x.Lib)Model: BANKED,        Lang: ANSI-C
MemBeaconSupport_c.obj (802.15.4_MAC_FFD_S08MC1323x.Lib)Model: BANKED,        Lang: ANSI-C
MemInputHandler_c.obj (802.15.4_MAC_FFD_S08MC1323x.Lib)Model: BANKED,        Lang: ANSI-C
MemOutputHandler_c.obj (802.15.4_MAC_FFD_S08MC1323x.Lib)Model: BANKED,        Lang: ANSI-C
MemSmControl_c.obj (802.15.4_MAC_FFD_S08MC1323x.Lib)Model: BANKED,        Lang: ANSI-C
MemSmLib_c.obj (802.15.4_MAC_FFD_S08MC1323x.Lib)Model: BANKED,        Lang: ANSI-C
MemSmLower_c.obj (802.15.4_MAC_FFD_S08MC1323x.Lib)Model: BANKED,        Lang: ANSI-C
McpsConversion_c.obj (802.15.4_MAC_FFD_S08MC1323x.Lib)Model: BANKED,        Lang: ANSI-C
MacMain_c.obj (802.15.4_MAC_FFD_S08MC1323x.Lib)Model: BANKED,        Lang: ANSI-C
ASPMain_c.obj (802.15.4_MAC_FFD_S08MC1323x.Lib)Model: BANKED,        Lang: ANSI-C
Telec_c.obj (802.15.4_MAC_FFD_S08MC1323x.Lib)Model: BANKED,        Lang: ANSI-C

*********************************************************************************************
STARTUP SECTION
---------------------------------------------------------------------------------------------
Entry point: 0x5A8A (_Startup)
_startupData is allocated at 0x2080 and uses 12 Bytes
extern struct _tagStartup {
  unsigned flags          0
  _PFunc   main           0x7A3C    (main)
  long     stackOffset    0x2FF
  unsigned nofZeroOut     2
  _Range   pZeroOut       0x80     1
                          0x300     2541
  _Copy    *toCopyDownBeg 0x7E87
} _startupData;

*********************************************************************************************
SECTION-ALLOCATION SECTION
Section Name                    Size  Type     From       To       Segment
---------------------------------------------------------------------------------------------
MY_ZEROPAGE                        1   R/W       0x80       0x80   ZERO_PAGE_RAM
.data                            106   R/W      0x300      0x369   APP_RAM
NON_BANKED                      4938     R     0x4000     0x5349   APP_CODE_1
.copy                            112     R     0x7E87     0x7EF6   APP_CODE_1
.rodata                          289     R     0x534A     0x546A   APP_CODE_1
.rodata1                        1381     R     0x546B     0x59CF   APP_CODE_1
.text                           9159     R     0x5AC0     0x7E86   APP_CODE_1
.startData                        36     R     0x2080     0x20A3   APP_STARTUP_STRUC_FLASH
FREESCALE_PROD_DATA               78     R     0xFF50     0xFF9D   FREESCALE_PROD_FLASH
NV_REGISTERS_SECTION              16     R     0xFFB0     0xFFBF   RES_NV_REGISTERS_FLASH
.stack                           512   R/W      0x100      0x2FF   APP_STACK_RAM
IRQ_VECTOR_SECTION                62     R     0xFFC0     0xFFFD   RES_IRQ_VECTORS_TABLE_FLASH
PAGED_ROM                          1     R     0xA06A     0xA06A   PPAGE_0
.bss                             588   R/W      0x36A      0x5B5   APP_RAM
.init                            238     R     0x59D2     0x5ABF   APP_CODE_1
.common                         1845   R/W      0x5B6      0xCEA   APP_RAM
_STARTUP                           2   R/W      0xCEB      0xCEC   APP_RAM
RESET_VECTOR_SECTION               2     R     0x59D0     0x59D1   APP_CODE_1
APP_CODE_2_0                   15687     R     0xC000     0xFD46   APP_CODE_2
PPAGE_0_1                       8298     R     0x8000     0xA069   PPAGE_0
PPAGE_2_2                      11218     R    0x28000    0x2ABD1   PPAGE_2
PPAGE_2_3                        373     R    0x2ABD2    0x2AD46   PPAGE_2
RES_RESET_VECTOR_FLASH_vect          2     R     0xFFFE     0xFFFF   RES_RESET_VECTOR_FLASH

Summary of section sizes per section type:
READ_ONLY (R):        CAB2 (dec:    51890)
READ_WRITE (R/W):      BEE (dec:     3054)

*********************************************************************************************
VECTOR-ALLOCATION SECTION
    Address     InitValue   InitFunction
---------------------------------------------------------------------------------------------
     0xFFFE        0x5A8A   _Startup

*********************************************************************************************
OBJECT-ALLOCATION SECTION
     Name               Module                 Addr   hSize   dSize     Ref    Section   RLIB
---------------------------------------------------------------------------------------------
MODULE:                 -- ZtcMain_c.obj --
- PROCEDURES:
     ZTC_TaskEventMonitor                      5AC0       1       1       6   .text       
- VARIABLES:
MODULE:                 -- TS_kernel_c.obj --
- PROCEDURES:
     TS_CreateTask                             5AC1      B6     182      11   .text       
     TS_Init                                   5B77      32      50       2   .text       
     TS_SendEvent                              5BA9      28      40      80   .text       
     TS_Scheduler                              5BD1      7B     123       2   .text       
- VARIABLES:
     maTsTaskTable                              5B6      2A      42      19   .common     
     maTsTaskIDsByPriority                      5E0       7       7       8   .common     
     gIdleTaskID                                5E7       1       1       1   .common     
MODULE:                 -- Uart_c.obj --
- PROCEDURES:
     Uart_ClearErrors                          5C4C       A      10       2   .text       
     Uart1_GetByteFromRxBuffer                 5C56      56      86       2   .text       
     Uart1_IsTxActive                          5CAC      10      16       8   .text       
     Uart_ModuleInit                           5CBC      1C      28       2   .text       
     Uart1_SetRxCallBack                       5CD8      29      41       2   .text       
     Uart1_SetBaud                             5D01     6A4    1700     831   .text       
     Uart1_Transmit                            63A5      76     118       6   .text       
     Uart_Task                                 641B      5F      95       2   .text       
     Uart_TaskInit                             647A      15      21       2   .text       
     Uart1_ErrorIsr                            4000       C      12       1   NON_BANKED  
     Uart1_RxIsr                               400C      56      86       1   NON_BANKED  
     Uart1_TxIsr                               4062      C9     201       2   NON_BANKED  
- VARIABLES:
     uart1_ungetFlag                            36A       1       1       2   .bss        
     Uart1_TxCompleteFlag                       36B       1       1       2   .bss        
     maSci1TxCallbackLeadingIndex               36C       1       1       5   .bss        
     maSci1TxCallbackTrailingIndex              36D       1       1       5   .bss        
     uart1_ungetByte                            36E       1       1       1   .bss        
     maSci1TxBufRefTable                        36F       F      15      10   .bss        
     maSci1TxBufLenTable                        37E       3       3       6   .bss        
     mSci1TxCurIndex                            381       1       1       4   .bss        
     mSci1TxBufRefLeadingIndex                  382       1       1       4   .bss        
     mSci1TxBufRefTrailingIndex                 383       1       1       8   .bss        
     maSci1TxCallbackTable                      384       F      15       8   .bss        
     maSci1RxBuf                                393      20      32       2   .bss        
     mSci1RxBufLeadingIndex                     3B3       1       1       5   .bss        
     mSci1RxBufTrailingIndex                    3B4       1       1       8   .bss        
     pfSci1RxCallBack                           3B5       3       3       5   .bss        
     gUartTaskId                                5E8       1       1       3   .common     
     mSci1RxBufferByteCount                     5E9       1       1       5   .common     
MODULE:                 -- Timer_c.obj --
- PROCEDURES:
     TMR_Init                                  648F      18      24       2   .text       
     TMR_AllocateTimer                         64A7      1E      30      12   .text       
     TMR_IsTimerActive                         64C5       C      12       4   .text       
     TMR_StartTimer                            64D1      B3     179       6   .text       
     TMR_StartIntervalTimer                    6584      21      33      10   .text       
     TMR_StopTimer                             65A5      48      72      18   .text       
     TMR_Task                                  65ED     1B5     437       7   .text       
     TMR_EnableTimer                           67A2      3D      61       4   .text       
     TMR_GetTimerStatus                        67DF       8       8      10   .text       
     TMR_SetTimerStatus                        67E7       F      15       8   .text       
     TMR_GetTimerType                          67F6       8       8       6   .text       
     TMR_SetTimerType                          67FE       F      15       2   .text       
     TMR_InterruptHandler                      412B      14      20       1   NON_BANKED  
- VARIABLES:
     numberOfActiveTimers                       3B8       1       1       4   .bss        
     numberOfLowPowerActiveTimers               3B9       1       1       4   .bss        
     previousTimeInTicks                        3BA       2       2       3   .bss        
     timerHardwareIsRunning                     3BC       1       1       2   .bss        
     maTmrTimerTable                            3BD      EE     238       4   .bss        
     maTmrTimerStatusTable                      4AB      22      34       7   .bss        
     mTmrRead16bitReg                           4CD       2       2       6   .bss        
     gTimerTaskID                               4CF       1       1       5   .bss        
MODULE:                 -- MMA8652_c.obj --
- PROCEDURES:
     MMA8652_SetCallBack                       680D       D      13       2   .text       
     MMA8652_int                               681A      36      54       2   .text       
     MMA8652_Start_Periodical_data             6850      1B      27       2   .text       
     MMA8652_Periodical_data                   686B      7F     127      14   .text       
     MMA8652_CatchSensorData                   68EA      28      40       2   .text       
     MMA8652_Init                              6912      18      24       2   .text       
     MMA8652_CallBack                          692A       B      11       2   .text       
- VARIABLES:
     mMMA8652TimerID                            300       1       1       2   .data       
     mDataFrom_MMA8652                          4D0       8       8       6   .bss        
     pfMMA8652_CallBack                         5EA       3       3       4   .common     
MODULE:                 -- SPI_c.obj --
- PROCEDURES:
     SPI1_Init                                 6935       2       2       2   .text       
- VARIABLES:
MODULE:                 -- RSTHal_c.obj --
- PROCEDURES:
     RST_GetResetStatus                        6937       7       7       2   .text       
- VARIABLES:
     gRSTResetStatus                            5ED       1       1       1   .common     
MODULE:                 -- Led_c.obj --
- PROCEDURES:
     LED_Init                                  693E       C      12       2   .text       
     LED_TurnOffLed                            694A      19      25       4   .text       
     LED_TurnOffAllLeds                        6963       7       7       2   .text       
     LED_StartFlash                            696A      1F      31       8   .text       
     LED_StopFlash                             6989      16      22       8   .text       
     LED_FlashTimeout                          699F      4E      78       2   .text       
- VARIABLES:
     mLEDTimerID                                301       1       1       3   .data       
     mLedFlashingLEDs                           4D8       1       1       9   .bss        
     mfLedInSerialMode                          5EE       1       1       1   .common     
MODULE:                 -- PWRLib_c.obj --
- PROCEDURES:
     PWRLib_Init                               69ED      2B      43       2   .text       
- VARIABLES:
     PWRLib_ICGMode                             4D9       1       1       1   .bss        
     PWRLib_MCU_WakeupReason                     80       1       1       5   MY_ZEROPAGE 
     PWRLib_StackPS                             5EF       1       1       1   .common     
MODULE:                 -- PWR_MC1323x_c.obj --
- PROCEDURES:
     PWR_DisallowDeviceToSleep                 6A18       E      14       2   .text       
- VARIABLES:
     mLPMFlag                                   4DA       1       1       1   .bss        
MODULE:                 -- Keyboard_c.obj --
- PROCEDURES:
     KBD_Init                                  6A26      23      35       2   .text       
     KBD_KeySwitchPortGet                      6A49       5       5       2   .text       
     KBD_PortGet                               6A4E      14      20       2   .text       
     KBD_KeyCheck                              6A62      2A      42       2   .text       
     KBD_MatrixSetRows                         6A8C      1A      26      16   .text       
     KBD_MatrixActivateRow                     6AA6      3C      60       8   .text       
     KBD_MatrixDeactivateRow                   6AE2      1B      27       2   .text       
     KBD_KeyMatrixGet                          6AFD      90     144       2   .text       
     KBD_KeyScan                               6B8D      81     129       2   .text       
     KBD_FinishScan                            6C0E       F      15       2   .text       
     Switch_Press_ISR                          413F      27      39       1   NON_BANKED  
- VARIABLES:
     mKeyRowPorts                               302       A      10       6   .data       
     mKeyScanTimerID                            30C       1       1       2   .data       
     mKeyState                                  4DB       1       1       4   .bss        
     mLongKeyCount                              4DC       1       1       3   .bss        
     mSwitch_SCAN                               4DD       2       2       3   .bss        
     mpfKeyFunction                             4DF       3       3       4   .bss        
     pressedKey                                 5F0       1       1       4   .common     
MODULE:                 -- IIC_c.obj --
- PROCEDURES:
     IIC_ModuleInit                            6C1D      28      40       2   .text       
     IIC_Bus_Reset                             6C45     108     264       2   .text       
     IIC_RegWrite                              6D4D      20      32       8   .text       
     IIC_RegRead                               6D6D      32      50       2   .text       
     IIC_CycleWrite                            6D9F      6A     106      26   .text       
     IIC_CycleRead                             6E09      6E     110      14   .text       
     IIC_RegReadN                              6E77      4C      76       2   .text       
     IIC_Start                                 6EC3      34      52       6   .text       
     IIC_Stop                                  6EF7      2E      46       2   .text       
     IIC_RepeatStart                           6F25      34      52       4   .text       
     IIC_StopRead                              6F59      30      48       4   .text       
     IIC_Isr                                   4166     157     343       3   NON_BANKED  
- VARIABLES:
     maIIcRxBuf                                 4E2      20      32       1   .bss        
     mIIcRxBufLeadingIndex                      502       1       1       5   .bss        
     mIIcRxBufTrailingIndex                     503       1       1       4   .bss        
     pfIIcSlaveRxCallBack                       504       3       3       3   .bss        
     pfIIcMasterRxCallBack                      507       3       3       3   .bss        
     pfIIcMasterTxCallBack                      50A       3       3       5   .bss        
     mIICMasterOp                               50D       4       4      13   .bss        
     timeout                                    511       2       2      26   .bss        
     gIIcTaskId                                 5F1       1       1       5   .common     
     mIIcRxBufferByteCount                      5F2       1       1       3   .common     
MODULE:                 -- FunctionLib_c.obj --
- PROCEDURES:
     FLib_MemCpy                               6F89      1D      29     130   .text       
     FLib_MemCpyDir                            6FA6      1E      30       2   .text       
     FLib_MemInPlaceCpy                        6FC4      49      73      12   .text       
     FLib_MemCpyReverseOrder                   700D      2B      43      16   .text       
     FLib_MemCmp                               7038      2D      45      28   .text       
     FLib_Cmp2Bytes                            7065      1C      28       4   .text       
     FLib_MemSet                               7081      18      24      26   .text       
     FLib_AddrModeToLength                     7099       C      12      28   .text       
     FLib_AddOffsetToPointer                   70A5       8       8      26   .text       
     FLib_ArrayInit                            70AD       7       7       6   .text       
     FLib_ArrayLength                          70B4       B      11       4   .text       
     FLib_ArraySetOffset                       70BF       F      15       4   .text       
     FLib_ArrayAddArray                        70CE      1D      29      20   .text       
     FLib_ArrayAddByte                         70EB       A      10      10   .text       
- VARIABLES:
     pmaFlibArrayBase                           513       2       2       4   .bss        
     pmaFlibArray                               515       2       2       7   .bss        
MODULE:                 -- NV_Data_c.obj --
- PROCEDURES:
- VARIABLES:
     gFreescaleVersionStrings                  FF50      22      34       1   FREESCALE_PROD_DATA
     gHardwareParameters                       FF72      2C      44      10   FREESCALE_PROD_DATA
MODULE:                 -- PlatformInit_c.obj --
- PROCEDURES:
     PlatformPortInit                          70F5      2A      42       2   .text       
     Platform_Init                             711F      1C      28       2   .text       
     Init_802_15_4                             713B      30      48       2   .text       
- VARIABLES:
MODULE:                 -- crt0_c.obj --
- PROCEDURES:
     loadByte                                  59D2       E      14       5   .init       
     Init                                      59E0      40      64       1   .init       
     Copy_Down                                 5A20      3F      63       1   .init       
     Finish                                    5A5F      2B      43       1   .init       
     _Startup                                  5A8A      36      54       1   .init       
- VARIABLES:
     _startupData                              2080       C      12       6   .startData  
     pStack                                     CEB       2       2       2   _STARTUP    
     none_volatile_struct                      FFB0      10      16       1   NV_REGISTERS_SECTION
- LABELS:
     __SEG_START_SSTACK                         100       0       0       1               
     __SEG_END_SSTACK                           300       0       0       2               
MODULE:                 -- dummyisr_c.obj --
- PROCEDURES:
     Default_Dummy_ISR                         42BD       4       4      21   NON_BANKED  
- VARIABLES:
MODULE:                 -- icg_c.obj --
- PROCEDURES:
     PowerManager_WaitForPowerUp               716B      16      22       2   .text       
- VARIABLES:
MODULE:                 -- isrvectors_c.obj --
- PROCEDURES:
- VARIABLES:
     Reset_vector                              59D0       2       2       1   RESET_VECTOR_SECTION
     ISR_vectors                               FFC0      3E      62       1   IRQ_VECTOR_SECTION
MODULE:                 -- PhyISR_c.obj --
- PROCEDURES:
     DummyIsr                                  42C1       1       1       2   NON_BANKED  
     PhyPassRxParams                           42C2       4       4       5   NON_BANKED  
     PhyISR_SeqCleanup                         42C6       F      15       9   NON_BANKED  
     PhyISR_TimeoutCleanup                     42D5      13      19       2   NON_BANKED  
     Phy_LqiConvert                            42E8      25      37       2   NON_BANKED  
     Phy_GetEnergyLevel                        430D      16      22       1   NON_BANKED  
     PhyHandlerTx_ISR                          4323      BA     186       3   NON_BANKED  
     PhyHandlerRx_ISR                          43DD      B6     182       3   NON_BANKED  
     PhyHandlerTmr_ISR                         4493      4A      74       1   NON_BANKED  
     PhyHandlerRxWtrmrk_ISR                    44DD       9       9       1   NON_BANKED  
- VARIABLES:
     pTimer1Isr                                 30D       3       3       4   .data       
     pfPhyRxTxEndCallback                       517       3       3       9   .bss        
     mpRxParams                                 51A       2       2       5   .bss        
     mPhyLastRxLQI                              5F3       1       1       1   .common     
MODULE:                 -- PhyPacketProcessor_c.obj --
- PROCEDURES:
     PhyInit                                   44E6      A8     168       2   NON_BANKED  
     PhyPpSetPromiscuous                       458E      16      22       2   NON_BANKED  
     PhyAbort                                  45A4      4C      76       5   NON_BANKED  
     PhyPpSetPanId                             45F0       7       7       8   NON_BANKED  
     PhyPpSetShortAddr                         45F7       7       7       6   NON_BANKED  
     PhyPpSetLongAddr                          45FE      28      40       1   NON_BANKED  
     PhyPpSetMacRole                           4626       8       8       3   NON_BANKED  
     PhyPpSetCcaThreshold                      462E       4       4       2   NON_BANKED  
     PhyPpIsTxAckDataPending                   4632       8       8       1   NON_BANKED  
     PhyPpIsRxAckDataPending                   463A       8       8       2   NON_BANKED  
     PhyPpIsPollIndication                     4642       8       8       1   NON_BANKED  
     PhyPp_AddToIndirect                       464A      7A     122       1   NON_BANKED  
     PhyPp_RemoveFromIndirect                  46C4       8       8       2   NON_BANKED  
     PhyGetRandomNo                            46CC      9C     156       2   NON_BANKED  
- VARIABLES:
     i                                          5F4       1       1       3   .common     
MODULE:                 -- PhyPlmeData_c.obj --
- PROCEDURES:
     PhyPdDataRequest                          4768      7E     126       2   NON_BANKED  
     PhyPlmeRxRequest                          47E6      37      55       1   NON_BANKED  
     PhyPlmeCcaEdRequest                       481D      39      57       2   NON_BANKED  
     PhyPlmeSetCurrentChannelRequest           4856      47      71       2   NON_BANKED  
     PhyPlmeSetPwrLevelRequest                 489D      35      53       1   NON_BANKED  
- VARIABLES:
     gPhyCurrentChannel                         310       1       1       1   .data       
     pwrOutIAR10                                311       F      15       1   .data       
     pwrOutIAR11                                320       F      15       1   .data       
     pwrOutIAR20                                32F       F      15       1   .data       
     pwrOutCtrl                                 33E       F      15       1   .data       
     pfPhyRxTxStartCallback                     51C       3       3       8   .bss        
MODULE:                 -- PhyTime_c.obj --
- PROCEDURES:
     PhyTimeSetEventTrigger                    48D2       B      11       4   NON_BANKED  
     PhyTimeSetEventTimeout                    48DD      15      21       7   NON_BANKED  
     PhyTimeDisableEventTimeout                48F2       8       8       6   NON_BANKED  
     PhyTimeReadClock                          48FA       E      14      15   NON_BANKED  
- VARIABLES:
MODULE:                 -- UartUtil_c.obj --
- PROCEDURES:
     UartUtil_TxCallback                       7181       5       5       6   .text       
     UartUtil_TxCallbackPaged                  A06A       1       1       2   PAGED_ROM   
     UartUtil_Tx                              2ABD2      27      39       2   PPAGE_2_3   
     UartUtil_Print                           2ABF9      56      86      14   PPAGE_2_3   
     HexToAscii                               2AC4F      10      16       4   PPAGE_2_3   
     UartUtil_PrintHex                        2AC5F      E8     232      20   PPAGE_2_3   
- VARIABLES:
MODULE:                 -- MApp_c.obj --
- PROCEDURES:
     count_timer                               7186       5       5       2   .text       
     MApp_init                                 718B      95     149       2   .text       
     AppTask                                   7220     234     564      50   .text       
     UartRxCallBack                            7454      1B      27       2   .text       
     App_HandleMlmeInput                       746F      16      22       2   .text       
     App_StartScan                             7485      5D      93      10   .text       
     App_HandleScanActiveConfirm               74E2     156     342       5   .text       
     App_SendAssociateRequest                  7638      7E     126      10   .text       
     App_HandleAssociateConfirm                76B6      6F     111       2   .text       
     App_HandleMcpsInput                       7725      2B      43       2   .text       
     App_WaitMsg                               7750      10      16       6   .text       
     App_TransmitSensorData                    7760     1BA     442      34   .text       
     GenandTransData                           791A      AB     171       6   .text       
     App_HandleGenericKey                      79C5      30      48       2   .text       
     App_HandleKeys                            79F5       5       5       2   .text       
     MLME_NWK_SapHandler                       79FA      1E      30       8   .text       
     MCPS_NWK_SapHandler                       7A18      1E      30      12   .text       
     ASP_APP_SapHandler                        7A36       6       6       2   .text       
- VARIABLES:
     STRING...Press.any.switch.o.2             546B      40      64       1   .rodata1    
     STRING.Received.an.MLME.Bea.3             54AB      2C      44       1   .rodata1    
     STRING...MyWirelessApp.Demo.4             54D7      51      81       1   .rodata1    
     STRING.Start.scanning.for.a.5             5528      27      39       1   .rodata1    
     STRING.Found.a.coordinator..6             554F      35      53       1   .rodata1    
     STRING......................7             5584      35      53       1   .rodata1    
     STRING...Address............8             55B9      18      24       1   .rodata1    
     STRING...PAN.ID.............9             55D1      18      24       1   .rodata1    
     STRING...Logical.Channel....10            55E9      18      24       1   .rodata1    
     STRING...Beacon.Spec........11            5601      18      24       1   .rodata1    
     STRING...Link.Quality.......12            5619      18      24       1   .rodata1    
     STRING......13                            5631       5       5       1   .rodata1    
     STRING.Scan.did.not.find.a..14            5636      2B      43       1   .rodata1    
     STRING.Associating.to.PAN.c.15            5661      2D      45       1   .rodata1    
     STRING.Successfully.associa.16            568E      30      48       1   .rodata1    
     STRING.We.were.assigned.the.17            56BE      26      38       1   .rodata1    
     STRING.....Ready.to.send.an.18            56E4      36      54       1   .rodata1    
     STRING...Associate.Confirm..19            571A      2E      46       1   .rodata1    
     STRING.Sending.the.MLME.Sca.20            5748      34      52       1   .rodata1    
     STRING.Done...21                          577C       7       7       1   .rodata1    
     STRING.Invalid.parameter....22            5783      15      21       1   .rodata1    
     STRING.Message.allocation.f.23            5798      1D      29       1   .rodata1    
     STRING.Sending.the.MLME.Ass.24            57B5      39      57       1   .rodata1    
     STRING.Done...25                          57EE       7       7       1   .rodata1    
     STRING.Invalid.parameter....26            57F5      15      21       1   .rodata1    
     STRING.Message.allocation.f.27            580A      2A      42       1   .rodata1    
     STRING......................32            5834      34      52       1   .rodata1    
     STRING.MMA8652.2g..Int2.Flo.33            5868      28      40       1   .rodata1    
     STRING...1024..g...Y.axis...34            5890      18      24       1   .rodata1    
     STRING...1024..g...Z.axis...35            58A8      18      24       1   .rodata1    
     STRING.................36                 58C0      10      16       1   .rodata1    
     STRING...1024..g..37                      58D0       B      11       1   .rodata1    
     STRING......................38            58DB      34      52       1   .rodata1    
     STRING..................Ave.39            590F      28      40       1   .rodata1    
     STRING.MMA8652.2g..Int2.Flo.40            5937      28      40       1   .rodata1    
     STRING...1024..g...Y.axis...41            595F      18      24       1   .rodata1    
     STRING...1024..g...Z.axis...42            5977      18      24       1   .rodata1    
     STRING.................43                 598F      10      16       1   .rodata1    
     STRING...1024..g..44                      599F       B      11       1   .rodata1    
     STRING......................45            59AA      26      38       1   .rodata1    
     mTimerID                                   34D       1       1       1   .data       
     MMA8652_start_flag                         51F       1       1       3   .bss        
     sens_count.106                             520       1       1       3   .bss        
     x_avg.107                                  521       2       2       4   .bss        
     y_avg.108                                  523       2       2       4   .bss        
     z_avg.109                                  525       2       2       4   .bss        
     global_counter                             527       1       1       3   .bss        
     mCoordInfo                                 528      16      22      24   .bss        
     maMyAddress                                53E       8       8       4   .bss        
     mAddrMode                                  546       1       1       4   .bss        
     mpPacket                                   547       2       2      10   .bss        
     mMsduHandle                                549       1       1       2   .bss        
     mcPendingPackets                           54A       1       1       5   .bss        
     mMlmeNwkInputQueue                         54B       4       4       4   .bss        
     mMcpsNwkInputQueue                         54F       4       4       4   .bss        
     gState                                     5F5       1       1       6   .common     
MODULE:                 -- MApp_init_c.obj --
- PROCEDURES:
     main                                      7A3C      42      66       2   .text       
     IdleTask                                  7A7E       1       1       2   .text       
     Init_MacExtendedAddress                   7A7F      3A      58       2   .text       
     BeeAppAssert                              7AB9       8       8       2   .text       
- VARIABLES:
     gAppTaskID_c                               5F6       1       1       9   .common     
MODULE:                 -- MacInit_c.obj --
- PROCEDURES:
     MacInit                                   7AC1       5       5       2   .text       
     TS_PlaceHolderTaskInit                    7AC6       1       1       2   .text       
     MacTaskInit                               7AC7      6B     107       2   .text       
- VARIABLES:
     MacTaskTable                              534A       9       9       6   .rodata     
     gMacTaskID_c                               5F7       1       1      24   .common     
MODULE:                 -- GlobalVars_c.obj --
- PROCEDURES:
     MM_InitMsgTracking                        7B32       1       1       2   .text       
     MM_AddMsgToTrackingArray                  7B33       1       1       2   .text       
     MM_UpdateMsgTracking                      7B34       2       2       6   .text       
- VARIABLES:
     poolInfo                                  5353       9       9       1   .rodata     
     gNumAclEntryDescriptors                   535C       1       1       3   .rodata     
     pLastPool                                  34E       2       2       4   .data       
     pSecondLastPool                            350       2       2       5   .data       
     maMacHeap                                  5F8     3A2     930       1   .common     
     maMmPools                                  99A      12      18       4   .common     
     gPIBaclEntryDescriptorSet                  9AC      A0     160       1   .common     
MODULE:                 -- rtshc08.o (ansibim.lib) --
- PROCEDURES:
     _PUSH_ARGS_L                              4908      20      32       2   NON_BANKED  
     _ENTER_UNARY_L                            4928      29      41       2   NON_BANKED  
     _ENTER_BINARY_L                           4951      16      22       3   NON_BANKED  
     _ENTER_BINARY_L_RC                        4967      19      25       5   NON_BANKED  
     _IDIVMOD                                  4980      69     105       1   NON_BANKED  
     _SPLITSIGN                                49E9      1C      28       2   NON_BANKED  
     _LADD_k_is_k_plus_j                       4A05      1F      31       2   NON_BANKED  
     _k_is_k_plus_j_l                          4A24      1E      30       2   NON_BANKED  
     _k_is_k_plus_j_i                          4A42      12      18       3   NON_BANKED  
     _LSUB_k_is_k_minus_j                      4A54      1F      31       1   NON_BANKED  
     _LAND_k_is_k_and_j                        4A73      1F      31       1   NON_BANKED  
     _LMUL_k_is_k_mul_j                        4A92      81     129       1   NON_BANKED  
     _LDIVMOD                                  4B13      A4     164       1   NON_BANKED  
     _LDIVU_k_is_k_div_j                       4BB7      17      23       1   NON_BANKED  
     _LCMP_k_rel_j                             4BCE      1F      31       2   NON_BANKED  
     _CMP24_k_rel_j                            4BED      1E      30       2   NON_BANKED  
     _IMUL_STAR08                              4C0B      27      39       2   NON_BANKED  
     _IDIVS_STAR08                             4C32      1B      27       1   NON_BANKED  
     _IMODS_STAR08                             4C4D      25      37       1   NON_BANKED  
     _ILSR                                     4C72       C      12       1   NON_BANKED  
     _ILSL                                     4C7E       C      12       1   NON_BANKED  
     _LINC                                     4C8A      16      22       1   NON_BANKED  
     _LADD                                     4CA0       6       6       2   NON_BANKED  
     _LADD_RC                                  4CA6       6       6      12   NON_BANKED  
     _LSUB                                     4CAC       6       6       1   NON_BANKED  
     _LAND_RC                                  4CB2       6       6       1   NON_BANKED  
     _LMUL_RC                                  4CB8       6       6       2   NON_BANKED  
     _LDIVU_RC                                 4CBE       6       6       3   NON_BANKED  
     _LLSL                                     4CC4      16      22      20   NON_BANKED  
     _LCMP                                     4CDA       6       6      14   NON_BANKED  
     _LCMP_RC                                  4CE0       6       6       4   NON_BANKED  
     _PUSH_ARGS_24                             4CE6      18      24       2   NON_BANKED  
     _ENTER_BINARY_24_RC                       4CFE      18      24       1   NON_BANKED  
     _ENTER_BINARY_24                          4D16      15      21       1   NON_BANKED  
     _CMP24                                    4D2B       5       5       1   NON_BANKED  
     _CMP24_RC                                 4D30       5       5      37   NON_BANKED  
     _COPY_L                                   4D35      39      57       1   NON_BANKED  
     _POP32                                    4D6E      1A      26      14   NON_BANKED  
     _SEXT16_32                                4D88       D      13       5   NON_BANKED  
     _CALL_STAR08_FAR                          4D95      2A      42      40   NON_BANKED  
     _Jump_Table_Header_Addr                   4DBF      2F      47       1   NON_BANKED  
     _PUSH_CC                                  4DEE       F      15      58   NON_BANKED  
     _POP_CC                                   4DFD       F      15      58   NON_BANKED  
- VARIABLES:
MODULE:                 -- PhyMacMsg_c.obj (802.15.4_MAC_FFD_S08MC1323x.Lib) --
- PROCEDURES:
     MM_Init                                   7B36      8E     142       2   .text       
     List_ClearAnchor                          7BC4       4       4      24   .text       
     List_AddTail                              7BC8      45      69      22   .text       
     List_AddHead                              7C0D      3F      63      10   .text       
     List_RemoveHead                           7C4C      2B      43      24   .text       
     List_Remove                               7C77      53      83       6   .text       
     List_GetFirst                             7CCA      1B      27      12   .text       
     List_GetNext                              7CE5      20      32      10   .text       
     MM_AddToPool                              7D05      20      32       2   .text       
     MM_AllocPool                              7D25      4A      74       2   .text       
     MM_Alloc                                  7D6F       8       8      46   .text       
     MM_Free                                   7D77      5B      91      98   .text       
     MM_AllocFast                              7DD2      58      88       8   .text       
     MM_SetPrivatePool                         7E2A      13      19       8   .text       
- VARIABLES:
     gFreeMessagesCount                         A4C       1       1       7   .common     
MODULE:                 -- SmApi_c.obj (802.15.4_MAC_FFD_S08MC1323x.Lib) --
- PROCEDURES:
     SmApi_UndefState                          7E3D       1       1       6   .text       
- VARIABLES:
MODULE:                 -- SecurityLib_c.obj (802.15.4_MAC_FFD_S08MC1323x.Lib) --
- PROCEDURES:
     CCM_XorN                                  7E3E      1E      30       6   .text       
     CCM_CreateAB0                             7E5C      24      36       6   .text       
     CCM_GetBlockLength                        7E80       7       7       4   .text       
     SecLib_CcmStar                            C000     273     627      11   APP_CODE_2_0
- VARIABLES:
MODULE:                 -- SecurityApply_c.obj (802.15.4_MAC_FFD_S08MC1323x.Lib) --
- PROCEDURES:
     Sec_ApplyRxSecurity                       C273     318     792      12   APP_CODE_2_0
     Sec_ApplyTxSecurity                       C58B     232     562       6   APP_CODE_2_0
     Sec_TraverseBeacon                        C7BD      29      41       4   APP_CODE_2_0
     Sec_SecLevelToIntLength                   C7E6      11      17       4   APP_CODE_2_0
- VARIABLES:
MODULE:                 -- SecurityControl_c.obj (802.15.4_MAC_FFD_S08MC1323x.Lib) --
- PROCEDURES:
     Sec_SecuredModeRx                         C7F7      A6     166       2   APP_CODE_2_0
     Sec_SecuredModeTx                         C89D      5C      92       2   APP_CODE_2_0
     Sec_DetermineRxSecurityEntry              C8F9      94     148       4   APP_CODE_2_0
     Sec_DetermineTxSecurityEntry              C98D      46      70       2   APP_CODE_2_0
     Sec_FindAddress                           C9D3      AE     174      13   APP_CODE_2_0
- VARIABLES:
     srcAddrIndexTable.1                       535D       4       4       1   .rodata     
MODULE:                 -- PacketManager_c.obj (802.15.4_MAC_FFD_S08MC1323x.Lib) --
- PROCEDURES:
     MacTimerHandler                           CA81       B      11       4   APP_CODE_2_0
     PacMan_CheckExpiredPackets                CA8C      76     118       2   APP_CODE_2_0
     PacMac_Init                               CB02      1F      31       2   APP_CODE_2_0
     PacMan_SetDirectRouteFlag                 CB21      86     134       2   APP_CODE_2_0
     PacMan_AddToDirectQueue                   CBA7      22      34       2   APP_CODE_2_0
     PacMan_AddToDirectQueueHead               CBC9      34      52      18   APP_CODE_2_0
     PacMan_GetFromDirectQueue                 CBFD      1D      29       6   APP_CODE_2_0
     PacMan_IsDirectDataPending                CC1A       B      11       2   APP_CODE_2_0
     PacMan_GetFromIndirectQueue               CC25      CA     202       4   APP_CODE_2_0
     PacMan_AddToIndirectQueue                 CCEF      F7     247       2   APP_CODE_2_0
     PacMan_AddToIndirectQueueHead             CDE6      90     144       4   APP_CODE_2_0
     PacMan_PurgeAfterSeqAction                CE76      45      69       6   APP_CODE_2_0
     PacMan_Purge                              CEBB      38      56       2   APP_CODE_2_0
     AddTransactionExpireTimeToPacket          CEF3      CC     204       2   APP_CODE_2_0
     PacMan_PurgeFromQueue                     CFBF     17A     378      12   APP_CODE_2_0
     PacMan_CheckForExpired                    D139      94     148       4   APP_CODE_2_0
     PacMan_ExpirePacket                       D1CD      43      67       4   APP_CODE_2_0
     PacManToPp_AddToIndirect                  D210      63      99       4   APP_CODE_2_0
     PacManToPp_RemoveFromIndirect             D273      3E      62       6   APP_CODE_2_0
     PacManToPp_ClearHwIndirect                D2B1      18      24       2   APP_CODE_2_0
- VARIABLES:
     mPacManDirectPackets_D2C                   A4D       4       4       6   .common     
     mPacManDirectPackets_C2D                   A51       4       4       5   .common     
     mPacManIndirectPackets                     A55       4       4      14   .common     
     mPacManGuardPacket                         A59       1       1       9   .common     
     gpPacketToPurge                            A5A       2       2       4   .common     
     mPpIndirectQueueAddr                       A5C      18      24       9   .common     
MODULE:                 -- PacketLib_c.obj (802.15.4_MAC_FFD_S08MC1323x.Lib) --
- PROCEDURES:
     PacLib_IsCoordRealignOnOrphan             D2C9      1C      28       2   APP_CODE_2_0
     PacLib_IsGtsRequest                       D2E5      1E      30       2   APP_CODE_2_0
     PacLib_CreateZeroLengthDataPacket         D303      EC     236       3   APP_CODE_2_0
     PacLib_CreatePollPacket                   D3EF      D1     209       9   APP_CODE_2_0
     PacLib_CreateBeaconPacket                 D4C0     152     338       5   APP_CODE_2_0
- VARIABLES:
     gPacLibUseSecurity                         553       1       1       2   .bss        
MODULE:                 -- MacPib_c.obj (802.15.4_MAC_FFD_S08MC1323x.Lib) --
- PROCEDURES:
     MPIB_Init                                 D612      AE     174       3   APP_CODE_2_0
     MPIB_GetPointer                           D6C0      93     147       6   APP_CODE_2_0
     FLib_ArrayAddPibAttribute                 D753       F      15      16   APP_CODE_2_0
     MPIB_SecAclEntry                          D762       F      15      12   APP_CODE_2_0
     MPIB_SecMaterial                          D771       7       7       4   APP_CODE_2_0
- VARIABLES:
     gMacPibOffsetTable                        5361      17      23       2   .rodata     
     gMacPibSecurityOffsetTable                5378       9       9       2   .rodata     
     gMacPibAclDescriptorOffsetTable           5381       7       7       2   .rodata     
     gMacVendorPibOffsetTable                  5388       9       9       2   .rodata     
     gMacPib                                    A74      82     130     236   .common     
MODULE:                 -- MacConst_c.obj (802.15.4_MAC_FFD_S08MC1323x.Lib) --
- PROCEDURES:
- VARIABLES:
     aMaxFrameRetries                           352       1       1       5   .data       
     aExtendedAddress                           AF6       8       8      17   .common     
MODULE:                 -- ClockManager_c.obj (802.15.4_MAC_FFD_S08MC1323x.Lib) --
- PROCEDURES:
     CM_InitOnStartup                          D778      23      35       2   APP_CODE_2_0
     CM_TimingIsVeryCritical                   D79B       C      12      10   APP_CODE_2_0
     CM_TimingIsCritical                       D7A7       C      12       6   APP_CODE_2_0
     CM_MoveTimeToBackoff24                    D7B3      3E      62       8   APP_CODE_2_0
     CM_GetRandomBackoff                       D7F1      34      52       4   APP_CODE_2_0
     CM_ResetClock                             D825      15      21      16   APP_CODE_2_0
     CM_ResetClockRel                          D83A      45      69       4   APP_CODE_2_0
     CM_SetNextClockBoundary                   D87F      10      16      44   APP_CODE_2_0
     CM_SetCurClock                            D88F      33      51      18   APP_CODE_2_0
- VARIABLES:
     mCMBackoff                                 353       1       1       3   .data       
     mCM_ClockOffset                            554       4       4      38   .bss        
     mCM_CurrentClock                           558       4       4      36   .bss        
     mCM_CurrentClockAbs                        55C       4       4      15   .bss        
     mCM_TimeNeededInNextCAP                    560       2       2      19   .bss        
     mCM_WaitTime                               562       2       2      12   .bss        
     aMinSetupTime_s                            AFE       1       1      18   .common     
     aMinSetupTimeCritical_s                    AFF       1       1       2   .common     
     aMinSetupTimeVeryCritical_s                B00       1       1       2   .common     
     mCM_DelayUntilNextAction                   B01       1       1       8   .common     
     mCM_NextClockBoundary                      B02       4       4      51   .common     
     mCM_BleEndTime                             B06       4       4      13   .common     
     CM_RandomBackoff                           B0A       2       2       4   .common     
     mEnableCriticalTiming                      B0C       1       1       5   .common     
MODULE:                 -- AsmDriver_c.obj (802.15.4_MAC_FFD_S08MC1323x.Lib) --
- PROCEDURES:
     Asm_Init                                  D8C2      3C      60       2   APP_CODE_2_0
     Asm_AesEncryptDecrypt                     D8FE      22      34       8   APP_CODE_2_0
     Asm_Ccm                                   D920     148     328       4   APP_CODE_2_0
- VARIABLES:
MODULE:                 -- MacSeqMC1323X_c.obj (802.15.4_MAC_FFD_S08MC1323x.Lib) --
- PROCEDURES:
     ResetSequencer                            DA68      2A      42       6   APP_CODE_2_0
     MacSeqInit                                DA92       A      10       2   APP_CODE_2_0
     SeqErrorStateLower                        DA9C       1       1       2   APP_CODE_2_0
     IsCurrentActionAutoRx                     4E0C       D      13       3   NON_BANKED  
     IsCurrentActionExtRx                      4E19       D      13       1   NON_BANKED  
     SeqPassCompleteToMem                      4E26      12      18       8   NON_BANKED  
     SeqIsrCompletedInErrorState               4E38      38      56       2   NON_BANKED  
     SeqGenerateError                          4E70       D      13       2   NON_BANKED  
     SeqSendActionCompleteToMem                4E7D      64     100       2   NON_BANKED  
     SeqInjectEventToSubComponent              4EE1      52      82       8   NON_BANKED  
     SeqFinishActionReq                        4F33      50      80       1   NON_BANKED  
     SeqActionReq                              4F83      1A      26       1   NON_BANKED  
     PhyPdDataConfirm                          4F9D      12      18       2   NON_BANKED  
     PhyPdDataIndication                       4FAF      12      18       1   NON_BANKED  
     PhyPlmeCcaConfirm                         4FC1      24      36       3   NON_BANKED  
     PhyPlmeEdConfirm                          4FE5       A      10       1   NON_BANKED  
     PhyPlmeSyncLossIndication                 4FEF      1D      29       4   NON_BANKED  
     PhyTimeRxTimeoutIndication                500C      4A      74       6   NON_BANKED  
     PhyTimeStartEventIndication               5056       5       5       1   NON_BANKED  
- VARIABLES:
     pCurrentSeqAction                          B0D       2       2      54   .common     
     mpPendingSeqMemCompletion                  B0F       1       1       5   .common     
     mSeqSubComponentStateMachine               B10       4       4      71   .common     
     mBufferedError                             B14       1       1       3   .common     
     mpSeqRxData                                B15       2       2      42   .common     
     mMacRxMask                                 B17       1       1       4   .common     
     gSeqInErrorState                           B18       1       1       1   .common     
     gSeqGotDataIndication                      B19       1       1       5   .common     
     gPendingSeqMemActionFinished               B1A       1       1       4   .common     
MODULE:                 -- SeqRxMC1323X_c.obj (802.15.4_MAC_FFD_S08MC1323x.Lib) --
- PROCEDURES:
     SeqWaitRxBuffer                           DA9D      57      87       4   APP_CODE_2_0
     SeqWaitRxConfirm                          DAF4     119     281      15   APP_CODE_2_0
     SeqWaitTimeout                            DC0D      1C      28       4   APP_CODE_2_0
     SeqWaitEdConfirm                          DC29      1B      27       2   APP_CODE_2_0
     ContinueOrCompleteRx                      505B      25      37       2   NON_BANKED  
     RestartRxOrTimeout                        5080      22      34       3   NON_BANKED  
     RestartRx                                 50A2      5F      95       2   NON_BANKED  
     GenerateAck                               5101      15      21       1   NON_BANKED  
     SeqMacRxFilter                            5116     11C     284       5   NON_BANKED  
     SeqPanIdConflictDetected                  5232       D      13       1   NON_BANKED  
     SeqRx_PhyPlmeRxRequest                    523F      10      16       6   NON_BANKED  
- VARIABLES:
     frmCtrlTable                              5391      10      16       1   .rodata     
     repeaterPromMatchOn                        564       1       1       2   .bss        
     mCurrentClock                              565       4       4       3   .bss        
     dstsrc                                     569       1       1       1   .bss        
     dst                                        56A       1       1       1   .bss        
     src                                        56B       1       1       1   .bss        
     frameControlLow                            56C       1       1       3   .bss        
     mDstLen                                    56D       1       1       3   .bss        
     mSrcLen                                    56E       1       1       5   .bss        
     mFrameType                                 56F       1       1       2   .bss        
     ackedFrameHead                             B1B       3       3       2   .common     
     notifiedTask                               B1E       1       1       1   .common     
     notificationEvent                          B1F       2       2       1   .common     
     gRxTimeStamp24                             B21       4       4       5   .common     
     gRxTimeStamp                               B25       2       2       1   .common     
     mPhyRxParams                               B27       5       5       2   .common     
     seqToPhySavedRxPtr                         B2C       2       2       2   .common     
     startAckClock                              B2E       4       4       4   .common     
     mAckFrame                                  B32       4       4       3   .common     
MODULE:                 -- SeqSubMainMC1323X_c.obj (802.15.4_MAC_FFD_S08MC1323x.Lib) --
- PROCEDURES:
     SeqSubCompIdleState                       DC44     129     297      43   APP_CODE_2_0
- VARIABLES:
     cccaSetPending                             570       1       1       4   .bss        
     gCurrentPALevel                            B36       1       1       1   .common     
     gpaPowerLevelLimits                        B37       2       2       1   .common     
MODULE:                 -- SeqTxMC1323X_c.obj (802.15.4_MAC_FFD_S08MC1323x.Lib) --
- PROCEDURES:
     SeqWaitTxConfirm                          DD6D     1CE     462      20   APP_CODE_2_0
     SetupTxCompleteClock                      524F      B8     184       2   NON_BANKED  
     SeqTx_PhyPdDataReq                        5307      43      67       3   NON_BANKED  
- VARIABLES:
     seqToPhySavedTxPtr                         B39       2       2       7   .common     
     gLowLatencyTX                              B3B       1       1       5   .common     
     completeCCAClock                           B3C       4       4       3   .common     
     startCcca                                  B40       4       4       3   .common     
     endCcca                                    B44       4       4       3   .common     
     difCcca                                    B48       2       2       1   .common     
     mRxOnTxParams                              B4A       5       5       2   .common     
MODULE:                 -- MlmeStart_c.obj (802.15.4_MAC_FFD_S08MC1323x.Lib) --
- PROCEDURES:
     MlmeStart_Init                            DF3B      C1     193       4   APP_CODE_2_0
     MlmeStart_Finish                          DFFC      1B      27       6   APP_CODE_2_0
     MlmeStartWaitTxResult                     E017      48      72       2   APP_CODE_2_0
- VARIABLES:
MODULE:                 -- MlmeScan_c.obj (802.15.4_MAC_FFD_S08MC1323x.Lib) --
- PROCEDURES:
     MlmeScan_InitScan                         E05F      F4     244       2   APP_CODE_2_0
     MlmeScan_StartScan                        E153      7B     123       8   APP_CODE_2_0
     MlmeScan_ProcessBeacon                    E1CE     141     321       6   APP_CODE_2_0
     MlmeScan_StoreOrphanResult                E30F      44      68       2   APP_CODE_2_0
     MlmeEdScan                                E353      61      97       2   APP_CODE_2_0
     MlmeActivePassiveScan                     E3B4      97     151       4   APP_CODE_2_0
     MlmeOrphanScan                            E44B      7E     126       2   APP_CODE_2_0
- VARIABLES:
     mScanChannels                              571       3       3       7   .bss        
     mChannelMask                               574       1       1      10   .bss        
     mCurrentMask                               575       1       1       7   .bss        
     mScanDuration                              576       1       1       4   .bss        
     mScanChannel                               577       1       1       2   .bss        
     mScanType                                  578       1       1       6   .bss        
     mPanIdBackup                               579       2       2       5   .bss        
     mResultListSize                            57B       1       1       9   .bss        
     mpScanResults                              57C       2       2      14   .bss        
     mResultsForCurrentBlock                    57E       1       1       5   .bss        
     mpDescriptorsBlock                         57F       2       2       5   .bss        
     gMlmeScan_CheckBeacon                      B4F       1       1       8   .common     
     gMlmeScan_CurrentChannel                   B50       1       1      10   .common     
     gMlmeScan_FastEd                           B51       1       1       4   .common     
MODULE:                 -- MlmePanIdConflict_c.obj (802.15.4_MAC_FFD_S08MC1323x.Lib) --
- PROCEDURES:
     MlmePanIdConflictDetected                 E4C9      26      38       2   APP_CODE_2_0
- VARIABLES:
MODULE:                 -- MlmeInputHandler_c.obj (802.15.4_MAC_FFD_S08MC1323x.Lib) --
- PROCEDURES:
     MlmeIh_Init                               E4EF       E      14       2   APP_CODE_2_0
     MlmeIh_ReuseNwkMsgForMem                  E4FD       D      13       2   APP_CODE_2_0
     MlmeIh_ReuseMemMsgForNwk                  E50A       D      13      16   APP_CODE_2_0
     MlmeIh_ParseFrameHeader                   E517      A3     163      14   APP_CODE_2_0
     MlmeIh_ParseCommandFrame                  E5BA      93     147       2   APP_CODE_2_0
     MlmeIh_ProcessBeaconFrame                 E64D     1D8     472       6   APP_CODE_2_0
     MlmeIh_ProcessPendingAddressList          E825      A8     168       2   APP_CODE_2_0
     MlmeIh_BuildPanDescriptor                 E8CD      E0     224       2   APP_CODE_2_0
     MlmeIh_ProcessPurgeRequest                E9AD      2F      47       2   APP_CODE_2_0
     MlmeIh_ProcessMemTxCnf                    E9DC      8D     141       2   APP_CODE_2_0
     MlmeIh_ProcessRemoteDataRequest           EA69      92     146       2   APP_CODE_2_0
     MlmeIh_ProcessPollConfirm                 EAFB     14B     331       2   APP_CODE_2_0
     MlmeIh_ProcessBeaconRequest               EC46      49      73       2   APP_CODE_2_0
     MlmeIh_PreProcessMemMessage               EC8F      EB     235       5   APP_CODE_2_0
- VARIABLES:
     hdrOffset                                 53A1       4       4       1   .rodata     
     remoteFrameDescOffsets                    53A5       9       9       1   .rodata     
     remoteFrameDesc                           53AE       D      13       1   .rodata     
     mpMlmeIhPendingNwkMsg                      B52       2       2      36   .common     
     mpMlmeIhPendingMemMsg                      B54       2       2      34   .common     
     gMlmeCurrentMacFrameHeader                 B56      16      22      20   .common     
     gAutoPollAllowed                           B6C       1       1       7   .common     
MODULE:                 -- MlmeMain_c.obj (802.15.4_MAC_FFD_S08MC1323x.Lib) --
- PROCEDURES:
     Mlme_Init                                 ED7A      80     128       2   APP_CODE_2_0
     NWK_MLME_SapHandler                       EDFA      88     136      18   APP_CODE_2_0
     MEM_MLME_SapHandler                       EE82      20      32      20   APP_CODE_2_0
     NWK_MCPS_SapHandler                       EEA2      6F     111       2   APP_CODE_2_0
     Mlme_Main                                 EF11     173     371       2   APP_CODE_2_0
     Mlme_FreeSendPendingMsg                   F084      39      57      22   APP_CODE_2_0
     Mlme_CreateAndSendCommStatusOnRxPacket       F0BD      90     144       2   APP_CODE_2_0
     MlmeSm_ErroneousInput                     F14D      24      36       6   APP_CODE_2_0
     Mlme_Reset                                F171      31      49       2   APP_CODE_2_0
     Mlme_HandleSetGetReq                      F1A2      D4     212       4   APP_CODE_2_0
     Mlme_VerifyNwkInput                       F276     2F1     753      34   APP_CODE_2_0
     Mlme_CheckPibAttributes                   F567     1D0     464      12   APP_CODE_2_0
     MacPhyStartTimer                          F737       F      15       2   APP_CODE_2_0
     MacPhyStopTimer                           F746       5       5       2   APP_CODE_2_0
     MacRxTxTimerCallBack                      F74B      49      73       2   APP_CODE_2_0
- VARIABLES:
     mPibAttributesRangeTable                  53BB      3F      63       3   .rodata     
     gMacTimerID                                354       1       1       7   .data       
     gSequencerTimerID                          355       1       1       2   .data       
     gMacRxTxPacketTimerID                      356       1       1       5   .data       
     gExpiryTimeNextService                     581       2       2      14   .bss        
     gExpiryTimeCurCnt                          583       2       2      15   .bss        
     gRxSecurityUse                             B6D       1       1       9   .common     
     gRxSecurityAclEntry                        B6E       1       1      13   .common     
     gRxSecurityFailure                         B6F       1       1       6   .common     
     gRxTxPacketCnt                             B70       1       1       5   .common     
     gCurrentRxTxPacketCnt                      B71       1       1       2   .common     
     mMemMlmeInputQueue                         B72       4       4       6   .common     
     mNwkMlmeInputQueue                         B76       4       4       5   .common     
     mNwkMcpsInputQueue                         B7A       4       4       5   .common     
MODULE:                 -- MlmeOutputHandler_c.obj (802.15.4_MAC_FFD_S08MC1323x.Lib) --
- PROCEDURES:
     MlmeOh_Init                               F794       9       9       2   APP_CODE_2_0
     MlmeOh_NwkMsg                             F79D      14      20      38   APP_CODE_2_0
     MlmeOh_MemMsg                             F7B1      14      20      16   APP_CODE_2_0
     MlmeOh_SendNwk                            F7C5       F      15       2   APP_CODE_2_0
     MlmeOh_SendMem                            F7D4       F      15       4   APP_CODE_2_0
     MlmeOh_SendMsgToMem                       F7E3      74     116      16   APP_CODE_2_0
     MlmeOh_CreateCommandFrameMessage          F857      58      88      16   APP_CODE_2_0
     MlmeOh_CreateCommandFrame                 F8AF     2E0     736      11   APP_CODE_2_0
- VARIABLES:
     mBroadCastAddr                            53FA       2       2       9   .rodata     
     maRuleTable                               53FC      13      19       1   .rodata     
     mCmdFrameDescs                            540F      58      88       2   .rodata     
     mpMlmeOhPendingNwkMsg                      B7E       2       2      51   .common     
     mpMlmeOhPendingMemMsg                      B80       2       2      16   .common     
MODULE:                 -- MlmeSm_c.obj (802.15.4_MAC_FFD_S08MC1323x.Lib) --
- PROCEDURES:
     MlmeSm_Init                               FB8F      11      17       2   APP_CODE_2_0
     MlmeOrphan_SendNotification               FBA0      28      40       2   APP_CODE_2_0
     MlmeSm_CreateCommStatusIndication         FBC8      49      73       4   APP_CODE_2_0
     MlmeSm_CreateSyncLossIndication           FC11      19      25       6   APP_CODE_2_0
     MlmeSm_HandleSyncLoss                     FC2A      2A      42       2   APP_CODE_2_0
     MlmeSm_HandleMemTxCnf                     FC54      F3     243       8   APP_CODE_2_0
     MlmeSmIdle                                8000     3A6     934      69   PPAGE_0_1   
     MlmeSm_DisassociateRemovePANref           83A6      1D      29       4   PPAGE_0_1   
- VARIABLES:
     gMlmeSm                                    357       4       4      61   .data       
     startCurrentChannel                        B82       1       1       2   .common     
MODULE:                 -- MlmeGts_c.obj (802.15.4_MAC_FFD_S08MC1323x.Lib) --
- PROCEDURES:
     MlmeGts_SendRequest                       83C3      46      70       2   PPAGE_0_1   
     MlmeGts_ProcessPendingRequest             8409      6C     108       2   PPAGE_0_1   
     MlmeGts_CompleteHandler                   8475      26      38       8   PPAGE_0_1   
     MlmeGts_SendConfirm                       849B      21      33       6   PPAGE_0_1   
     gtsForcedDelete                           84BC      58      88       2   PPAGE_0_1   
     MlmeGts_ProcessRxBeaconGtsData            8514     131     305       6   PPAGE_0_1   
     MlmeGts_ProcessRemoteRequest              8645      7C     124       2   PPAGE_0_1   
     gtsExpireSlot                             86C1      A1     161       3   PPAGE_0_1   
     gtsAddToBack                              8762      37      55       4   PPAGE_0_1   
     gtsGetStartSlot                           8799      61      97       2   PPAGE_0_1   
     MlmeGts_GenerateGtsData                   87FA      D7     215       6   PPAGE_0_1   
     MlmeGts_init                              88D1      34      52       4   PPAGE_0_1   
     gtsSendIndication                         8905      3D      61      10   PPAGE_0_1   
     MlmeGts_GuardedActionHandler              8942      50      80       2   PPAGE_0_1   
     MlmeGts_CheckValidGts                     8992      F8     248       8   PPAGE_0_1   
     MlmeGts_QueueGtsFrame                     8A8A      14      20       2   PPAGE_0_1   
     MlmeGts_Reset                             8A9E      21      33       4   PPAGE_0_1   
     gtsFlushAnchor                            8ABF      25      37       6   PPAGE_0_1   
     gtsAllocateSlot                           8AE4      6B     107       4   PPAGE_0_1   
     gtsReallocateSlot                         8B4F      45      69       2   PPAGE_0_1   
     gtsDeallocateSlot                         8B94      76     118       8   PPAGE_0_1   
     gtsAlignSlots                             8C0A     109     265      11   PPAGE_0_1   
     gtsCalculateSlotTiming                    8D13      D8     216       6   PPAGE_0_1   
     gtsCalculateSlotExpiration                8DEB      1E      30       4   PPAGE_0_1   
     MemGts_GetNextSlot                        8E09      FC     252       3   PPAGE_0_1   
- VARIABLES:
     gLastCapSlot                               B83       1       1      10   .common     
     gMlmeGtsAllocRequestSent                   B84       1       1       8   .common     
     gMlmeGtsBeaconsRemaining                   B85       1       1       4   .common     
     gMlmeGtsRequestedCharacteristics           B86       1       1       7   .common     
     gMlmeGtsSecurity                           B87       1       1       2   .common     
     gGtsData                                   B88      17      23       4   .common     
     gGtsLen                                    B9F       1       1       5   .common     
     gGtsInfoArray                              BA0      8C     140      27   .common     
     gGtsGuardedAction                          C2C       1       1      13   .common     
     gUpdateGtsData                             C2D       1       1       4   .common     
     pGtsAnchor                                 C2E       2       2       3   .common     
     gMlmeGtsAccess                             C30       1       1      16   .common     
     gMemGtsAccess                              C31       1       1      12   .common     
MODULE:                 -- MlmeAssociate_c.obj (802.15.4_MAC_FFD_S08MC1323x.Lib) --
- PROCEDURES:
     MlmeAssociate_SendRequest                 8F05      A4     164       2   PPAGE_0_1   
     MlmeAssociate_SendPollRequest             8FA9      1C      28       2   PPAGE_0_1   
     MlmeAssociate_SendIndication              8FC5      3B      59       2   PPAGE_0_1   
     MlmeAssociate_SendConfirm                 9000      55      85       4   PPAGE_0_1   
     MlmeAssociate_SendErrConfirm              9055      20      32       8   PPAGE_0_1   
     MlmeDisassociate_SendIndication           9075      2F      47       2   PPAGE_0_1   
     MlmeAssociate_HandlePollCompletion        90A4      28      40       2   PPAGE_0_1   
     MlmeAssociate_SetTimer                    90CC      3C      60       8   PPAGE_0_1   
     MlmeAssociateWaitTxResult                 9108      B4     180      11   PPAGE_0_1   
     MlmeAssociateIgnorePollConfirm            91BC      16      22       2   PPAGE_0_1   
     MlmeAssociateWaitTimeout                  91D2      76     118       4   PPAGE_0_1   
- VARIABLES:
     mAssociateCoordAddrMode                    C32       1       1       2   .common     
     mAssociateSecurityEnable                   C33       1       1       2   .common     
     mAssociateCoordAddress                     C34       8       8       1   .common     
     mAssociateCoordPanId                       C3C       2       2       1   .common     
     mWaitForAssociateResp                      C3E       1       1       4   .common     
MODULE:                 -- MemTimer_c.obj (802.15.4_MAC_FFD_S08MC1323x.Lib) --
- PROCEDURES:
     MemTimer_StartWait                        9248      16      22       2   PPAGE_0_1   
     MemLwrWaitTimer                           925E      1C      28       2   PPAGE_0_1   
- VARIABLES:
MODULE:                 -- MemScan_c.obj (802.15.4_MAC_FFD_S08MC1323x.Lib) --
- PROCEDURES:
     MemScan_InitEd                            927A      2F      47       2   PPAGE_0_1   
     MemScan_InitScan                          92A9      FE     254       2   PPAGE_0_1   
     MemScan_InitPassiveScan                   93A7      1F      31       2   PPAGE_0_1   
     MemScan_CalcScanDuration                  93C6      56      86       6   PPAGE_0_1   
     MemEdScanChannel                          941C      53      83       2   PPAGE_0_1   
     MemScanChannelRx                          946F      68     104       4   PPAGE_0_1   
     MemScanOrphanRx                           94D7      AD     173       3   PPAGE_0_1   
- VARIABLES:
     gMemScan_ScanDuration                      C3F       4       4      10   .common     
     gMemScan_ScanCompleted                     C43       1       1      12   .common     
     mMaxDetectedEnergy                         C44       1       1       4   .common     
MODULE:                 -- MemData_c.obj (802.15.4_MAC_FFD_S08MC1323x.Lib) --
- PROCEDURES:
     MemData_Init                              9584       6       6       2   PPAGE_0_1   
     MemData_StartupTrsHandler                 958A      18      24       4   PPAGE_0_1   
     MemData_TrsHandler                        95A2      CE     206      12   PPAGE_0_1   
     MemDataWfActionFinish                     9670      13      19       2   PPAGE_0_1   
     MemDataWfAutoRxComplete                   9683      32      50       6   PPAGE_0_1   
     MemDataWfRandomBackoff                    96B5      56      86       2   PPAGE_0_1   
     MemDataWfTxComplete                       970B      95     149       4   PPAGE_0_1   
     MemDataDeviceWfDataReqComplete            97A0      B3     179       4   PPAGE_0_1   
     MemData_StartRxEnableTrsHandler           9853      4A      74       2   PPAGE_0_1   
- VARIABLES:
     mMemDataDefaultRxInterval_c               5467       4       4       1   .rodata     
     gNumTxNoAck                                585       1       1       2   .bss        
     mMemData                                   C45       1       1       4   .common     
MODULE:                 -- MemBeacon_c.obj (802.15.4_MAC_FFD_S08MC1323x.Lib) --
- PROCEDURES:
     MemBeacon_Init                            989D       8       8       2   PPAGE_0_1   
     MemBeacon_ActionFailCallback              98A5      13      19       2   PPAGE_0_1   
     MemBeacon_SetMaintenanceScanPending       98B8       6       6       2   PPAGE_0_1   
     MemBeacon_EnableOrDisableBattLifeExtForThisCap       98BE      17      23       2   PPAGE_0_1   
     MemBeacon_SendAspInd                      98D5      33      51      12   PPAGE_0_1   
     MemBeacon_SetupTimer                      9908       4       4       4   PPAGE_0_1   
     MemBeacon_BeaconRxFilter                  990C      49      73       2   PPAGE_0_1   
     MemBeacon_StoreContext                    9955      2D      45       6   PPAGE_0_1   
     MemBeacon_RestoreContextExclClock         9982      15      21       4   PPAGE_0_1   
     MemBeacon_RestoreContext                  9997      3B      59       2   PPAGE_0_1   
[...]
 |  |     |     |  |  |  
 |  |     |     |  |  +- FLib_MemInPlaceCpy   (see above)
 |  |     |     |  |  |  
 |  |     |     |  |  +- FLib_MemCpy          (see above)
 |  |     |     |  |  |  
 |  |     |     |  |  +- MCPS_NWK_SapHandler  (see above)
 |  |     |     |  |     
 |  |     |     |  +- MlmeIh_ParseCommandFrame
 |  |     |     |  |  | 
 |  |     |     |  |  +- MlmeIh_ParseFrameHeader (see above)
 |  |     |     |  |  |  
 |  |     |     |  |  +- FLib_AddOffsetToPointer (see above)
 |  |     |     |  |  |  
 |  |     |     |  |  +- MM_Alloc             (see above)
 |  |     |     |  |     
 |  |     |     |  +- MlmeIh_ProcessBeaconRequest
 |  |     |     |  |  | 
 |  |     |     |  |  +- MM_Free              (see above)
 |  |     |     |  |  |  
 |  |     |     |  |  +- PacLib_CreateBeaconPacket (see above)
 |  |     |     |  |  |  
 |  |     |     |  |  +- MlmeOh_SendMsgToMem  (see above) (recursive dependency)
 |  |     |     |  |     
 |  |     |     |  +- MlmeIh_ProcessRemoteDataRequest
 |  |     |     |  |  | 
 |  |     |     |  |  +- MlmeOh_NwkMsg        (see above)
 |  |     |     |  |  |  
 |  |     |     |  |  +- FLib_MemCpy          (see above)
 |  |     |     |  |  |  
 |  |     |     |  |  +- MLME_NWK_SapHandler  (see above)
 |  |     |     |  |  |  
 |  |     |     |  |  +- MM_Free              (see above)
 |  |     |     |  |  |  
 |  |     |     |  |  +- PacMan_GetFromIndirectQueue
 |  |     |     |  |  |  | 
 |  |     |     |  |  |  +- List_GetFirst        (see above)
 |  |     |     |  |  |  |  
 |  |     |     |  |  |  +- MlmeIh_ParseFrameHeader (see above)
 |  |     |     |  |  |  |  
 |  |     |     |  |  |  +- _PUSH_CC             (see above)
 |  |     |     |  |  |  |  
 |  |     |     |  |  |  +- _POP_CC              (see above)
 |  |     |     |  |  |  |  
 |  |     |     |  |  |  +- FLib_AddrModeToLength (see above)
 |  |     |     |  |  |  |  
 |  |     |     |  |  |  +- FLib_MemCmp          (see above)
 |  |     |     |  |  |  |  
 |  |     |     |  |  |  +- List_Remove          (see above)
 |  |     |     |  |  |  |  
 |  |     |     |  |  |  +- PacManToPp_RemoveFromIndirect (see above)
 |  |     |     |  |  |  |  
 |  |     |     |  |  |  +- TMR_StopTimer        (see above)
 |  |     |     |  |  |  |  
 |  |     |     |  |  |  +- List_GetNext         (see above)
 |  |     |     |  |  |     
 |  |     |     |  |  +- MLME_MEM_SapHandler  (see above) (recursive dependency)
 |  |     |     |  |  |  
 |  |     |     |  |  +- PacLib_CreateZeroLengthDataPacket
 |  |     |     |  |  |  | 
 |  |     |     |  |  |  +- MM_Alloc             (see above)
 |  |     |     |  |  |  |  
 |  |     |     |  |  |  +- FLib_ArrayInit       (see above)
 |  |     |     |  |  |  |  
 |  |     |     |  |  |  +- FLib_ArraySetOffset  (see above)
 |  |     |     |  |  |  |  
 |  |     |     |  |  |  +- _PUSH_CC             (see above)
 |  |     |     |  |  |  |  
 |  |     |     |  |  |  +- _POP_CC              (see above)
 |  |     |     |  |  |  |  
 |  |     |     |  |  |  +- FLib_ArrayAddArray   (see above)
 |  |     |     |  |  |  |  
 |  |     |     |  |  |  +- FLib_AddrModeToLength (see above)
 |  |     |     |  |  |  |  
 |  |     |     |  |  |  +- FLib_ArrayLength     (see above)
 |  |     |     |  |  |     
 |  |     |     |  |  +- MlmeOh_SendMsgToMem  (see above) (recursive dependency)
 |  |     |     |  |     
 |  |     |     |  +- MlmeIh_ProcessPollConfirm
 |  |     |     |  |  | 
 |  |     |     |  |  +- _PUSH_CC             (see above)
 |  |     |     |  |  |  
 |  |     |     |  |  +- _POP_CC              (see above)
 |  |     |     |  |  |  
 |  |     |     |  |  +- MM_Free              (see above)
 |  |     |     |  |  |  
 |  |     |     |  |  +- List_AddHead         (see above)
 |  |     |     |  |  |  
 |  |     |     |  |  +- PacLib_CreatePollPacket (see above)
 |  |     |     |  |  |  
 |  |     |     |  |  +- MlmeOh_SendMsgToMem  (see above) (recursive dependency)
 |  |     |     |  |     
 |  |     |     |  +- MlmeIh_ProcessMemTxCnf
 |  |     |     |     | 
 |  |     |     |     +- PacMan_AddToIndirectQueueHead (see above) (recursive dependency)
 |  |     |     |     |  
 |  |     |     |     +- MM_Free              (see above)
 |  |     |     |     |  
 |  |     |     |     +- PacMan_PurgeAfterSeqAction (see above)
 |  |     |     |     |  
 |  |     |     |     +- SendDataCnf          (see above)
 |  |     |     |        
 |  |     |     +- Mlme_FreeSendPendingMsg (see above) (recursive dependency)
 |  |     |     |  
 |  |     |     +- Mcps_ConvertNwkMsg  
 |  |     |     |  | 
 |  |     |     |  +- _PUSH_CC             (see above)
 |  |     |     |  |  
 |  |     |     |  +- _POP_CC              (see above)
 |  |     |     |  |  
 |  |     |     |  +- FLib_MemCpy          (see above)
 |  |     |     |  |  
 |  |     |     |  +- MlmeOh_CreateCommandFrame (see above)
 |  |     |     |  |  
 |  |     |     |  +- MlmeGts_CheckValidGts
 |  |     |     |  |    
 |  |     |     |  +- SendDataCnf          (see above)
 |  |     |     |  |  
 |  |     |     |  +- FLib_MemInPlaceCpy   (see above)
 |  |     |     |  |  
 |  |     |     |  +- MlmeOh_SendMsgToMem  (see above) (recursive dependency)
 |  |     |     |     
 |  |     |     +- MlmeIh_ProcessPurgeRequest
 |  |     |     |  | 
 |  |     |     |  +- PacMan_Purge        
 |  |     |     |  |  | 
 |  |     |     |  |  +- PacMan_PurgeFromQueue
 |  |     |     |  |     | 
 |  |     |     |  |     +- List_GetFirst        (see above)
 |  |     |     |  |     |  
 |  |     |     |  |     +- _PUSH_CC             (see above)
 |  |     |     |  |     |  
 |  |     |     |  |     +- _POP_CC              (see above)
 |  |     |     |  |     |  
 |  |     |     |  |     +- List_Remove          (see above)
 |  |     |     |  |     |  
 |  |     |     |  |     +- PacManToPp_RemoveFromIndirect (see above)
 |  |     |     |  |     |  
 |  |     |     |  |     +- MM_Free              (see above)
 |  |     |     |  |     |  
 |  |     |     |  |     +- List_GetNext         (see above)
 |  |     |     |  |     |  
 |  |     |     |  |     +- MemOh_IsTxPacketInSequencer
 |  |     |     |  |        | 
 |  |     |     |  |        +- _PUSH_CC             (see above)
 |  |     |     |  |        |  
 |  |     |     |  |        +- _POP_CC              (see above)
 |  |     |     |  |           
 |  |     |     |  +- MCPS_NWK_SapHandler  (see above)
 |  |     |     |     
 |  |     |     +- MM_Free              (see above)
 |  |     |     |  
 |  |     |     +- Asp_Main            
 |  |     |     |  | 
 |  |     |     |  +- List_RemoveHead      (see above)
 |  |     |     |  |  
 |  |     |     |  +- Asp_SendBeaconStateInd
 |  |     |     |  |  | 
 |  |     |     |  |  +- MemOh_SeqReadClockReq (see above)
 |  |     |     |  |  |  
 |  |     |     |  |  +- Asp_ZbClock24ToByteArray
 |  |     |     |  |       
 |  |     |     |  +- ASP_APP_SapHandler  
 |  |     |     |  |  | 
 |  |     |     |  |  +- MM_Free              (see above)
 |  |     |     |  |     
 |  |     |     |  +- MM_Free              (see above)
 |  |     |     |  |  
 |  |     |     |  +- TS_SendEvent         (see above)
 |  |     |     |  |  
 |  |     |     |  +- ASP_TestMain        
 |  |     |     |     | 
 |  |     |     |     +- _CALL_STAR08_FAR     (see above)
 |  |     |     |        
 |  |     |     +- BeaconMaintenance   
 |  |     |        | 
 |  |     |        +- MlmeGts_GuardedActionHandler
 |  |     |        |  | 
 |  |     |        |  +- MlmeGts_Reset        (see above)
 |  |     |        |  |  
 |  |     |        |  +- MlmeGts_ProcessPendingRequest
 |  |     |        |  |  | 
 |  |     |        |  |  +- MlmeOh_CreateCommandFrameMessage (see above)
 |  |     |        |  |  |  
 |  |     |        |  |  +- gtsDeallocateSlot    (see above)
 |  |     |        |  |  |  
 |  |     |        |  |  +- gtsAlignSlots        (see above)
 |  |     |        |  |  |  
 |  |     |        |  |  +- gtsSendIndication    (see above) (recursive dependency)
 |  |     |        |  |  |  
 |  |     |        |  |  +- MlmeGts_SendConfirm  (see above) (recursive dependency)
 |  |     |        |  |  |  
 |  |     |        |  |  +- Mlme_FreeSendPendingMsg (see above) (recursive dependency)
 |  |     |        |  |     
 |  |     |        |  +- gtsExpireSlot       
 |  |     |        |  |  | 
 |  |     |        |  |  +- gtsFlushAnchor       (see above)
 |  |     |        |  |  |  
 |  |     |        |  |  +- FLib_MemCpy          (see above)
 |  |     |        |  |  |  
 |  |     |        |  |  +- FLib_MemSet          (see above)
 |  |     |        |  |  |  
 |  |     |        |  |  +- gtsAlignSlots        (see above)
 |  |     |        |  |  |  
 |  |     |        |  |  +- gtsSendIndication    (see above) (recursive dependency)
 |  |     |        |  |     
 |  |     |        |  +- gtsForcedDelete     
 |  |     |        |     | 
 |  |     |        |     +- gtsSendIndication    (see above) (recursive dependency)
 |  |     |        |     |  
 |  |     |        |     +- gtsDeallocateSlot    (see above)
 |  |     |        |     |  
 |  |     |        |     +- gtsAlignSlots        (see above)
 |  |     |        |        
 |  |     |        +- MlmeGts_GenerateGtsData (see above)
 |  |     |        |  
 |  |     |        +- PacMan_CheckForExpired (see above)
 |  |     |           
 |  |     +- TS_CreateTask        (see above)
 |  |     |  
 |  |     +- _CALL_STAR08_FAR     (see above)
 |  |        
 |  +- AppTask             
 |  |  | 
 |  |  +- List_RemoveHead      (see above)
 |  |  |  
 |  |  +- App_WaitMsg         
 |  |  |    
 |  |  +- MM_Free              (see above)
 |  |  |  
 |  |  +- App_StartScan       
 |  |  |  | 
 |  |  |  +- MM_Alloc             (see above)
 |  |  |  |  
 |  |  |  +- NWK_MLME_SapHandler 
 |  |  |  |  | 
 |  |  |  |  +- Mlme_VerifyNwkInput 
 |  |  |  |  |  | 
 |  |  |  |  |  +- FLib_MemCmp          (see above)
 |  |  |  |  |  |  
 |  |  |  |  |  +- _LLSL                (see above)
 |  |  |  |  |  |  
 |  |  |  |  |  +- _POP32               (see above)
 |  |  |  |  |  |  
 |  |  |  |  |  +- _LCMP                (see above)
 |  |  |  |  |  |  
 |  |  |  |  |  +- Mlme_CheckPibAttributes
 |  |  |  |  |     | 
 |  |  |  |  |     +- _LLSL                (see above)
 |  |  |  |  |     |  
 |  |  |  |  |     +- _POP32               (see above)
 |  |  |  |  |     |  
 |  |  |  |  |     +- _SEXT16_32           (see above)
 |  |  |  |  |        
 |  |  |  |  +- ZTC_TaskEventMonitor
 |  |  |  |  |    
 |  |  |  |  +- Mlme_HandleSetGetReq
 |  |  |  |  |  | 
 |  |  |  |  |  +- MPIB_GetPointer      (see above)
 |  |  |  |  |  |  
 |  |  |  |  |  +- _PUSH_CC             (see above)
 |  |  |  |  |  |  
 |  |  |  |  |  +- _POP_CC              (see above)
 |  |  |  |  |  |  
 |  |  |  |  |  +- MlmeOh_MemMsg        (see above)
 |  |  |  |  |  |  
 |  |  |  |  |  +- PhyPpSetPanId        (see above)
 |  |  |  |  |  |  
 |  |  |  |  |  +- PhyPpSetShortAddr    (see above)
 |  |  |  |  |  |  
 |  |  |  |  |  +- PhyPpSetPromiscuous  (see above)
 |  |  |  |  |  |  
 |  |  |  |  |  +- FLib_MemCpyDir      
 |  |  |  |  |  |  | 
 |  |  |  |  |  |  +- FLib_MemCpy          (see above)
 |  |  |  |  |  |     
 |  |  |  |  |  +- MlmeOh_SendMem       (see above) (recursive dependency)
 |  |  |  |  |     
 |  |  |  |  +- Mlme_Reset          
 |  |  |  |  |  | 
 |  |  |  |  |  +- PhyAbort             (see above)
 |  |  |  |  |  |  
 |  |  |  |  |  +- PhyInit              (see above)
 |  |  |  |  |  |  
 |  |  |  |  |  +- MacPhyInit_WriteExtAddress (see above)
 |  |  |  |  |  |  
 |  |  |  |  |  +- PhyPpSetCcaThreshold (see above)
 |  |  |  |  |  |  
 |  |  |  |  |  +- InitializeMac        (see above)
 |  |  |  |  |     
 |  |  |  |  +- List_AddTail         (see above)
 |  |  |  |  |  
 |  |  |  |  +- TS_SendEvent         (see above)
 |  |  |  |     
 |  |  |  +- UartUtil_Print      
 |  |  |     | 
 |  |  |     +- Uart1_IsTxActive    
 |  |  |     |    
 |  |  |     +- UartUtil_TxCallback 
 |  |  |     |  | 
 |  |  |     |  +- UartUtil_TxCallbackPaged
 |  |  |     |       
 |  |  |     +- Uart1_Transmit      
 |  |  |        | 
 |  |  |        +- _CMP24_RC            (see above)
 |  |  |        |  
 |  |  |        +- _CALL_STAR08_FAR     (see above)
 |  |  |           
 |  |  +- App_HandleScanActiveConfirm
 |  |  |  | 
 |  |  |  +- FLib_MemCpy          (see above)
 |  |  |  |  
 |  |  |  +- MM_Free              (see above)
 |  |  |  |  
 |  |  |  +- MM_Alloc             (see above)
 |  |  |  |  
 |  |  |  +- NWK_MLME_SapHandler  (see above)
 |  |  |     
 |  |  +- UartUtil_PrintHex   
 |  |  |  | 
 |  |  |  +- Uart1_IsTxActive     (see above)
 |  |  |  |  
 |  |  |  +- HexToAscii          
 |  |  |  |    
 |  |  |  +- UartUtil_TxCallback  (see above)
 |  |  |  |  
 |  |  |  +- Uart1_Transmit       (see above)
 |  |  |     
 |  |  +- App_SendAssociateRequest
 |  |  |  | 
 |  |  |  +- MM_Alloc             (see above)
 |  |  |  |  
 |  |  |  +- FLib_MemCpy          (see above)
 |  |  |  |  
 |  |  |  +- NWK_MLME_SapHandler  (see above)
 |  |  |  |  
 |  |  |  +- UartUtil_Print       (see above)
 |  |  |     
 |  |  +- App_HandleAssociateConfirm
 |  |  |  | 
 |  |  |  +- FLib_MemCpy          (see above)
 |  |  |  |  
 |  |  |  +- MM_Alloc             (see above)
 |  |  |  |  
 |  |  |  +- NWK_MLME_SapHandler  (see above)
 |  |  |     
 |  |  +- TS_SendEvent         (see above)
 |  |  |  
 |  |  +- App_HandleMlmeInput 
 |  |  |  | 
 |  |  |  +- MM_Free              (see above)
 |  |  |     
 |  |  +- MMA8652_Start_Periodical_data
 |  |  |  | 
 |  |  |  +- MMA8652_Periodical_data
 |  |  |  |  | 
 |  |  |  |  +- IIC_RegRead         
 |  |  |  |  |  | 
 |  |  |  |  |  +- IIC_Start           
 |  |  |  |  |  |    
 |  |  |  |  |  +- IIC_CycleWrite      
 |  |  |  |  |  |    
 |  |  |  |  |  +- IIC_RepeatStart     
 |  |  |  |  |  |    
 |  |  |  |  |  +- IIC_CycleRead       
 |  |  |  |  |  |    
 |  |  |  |  |  +- IIC_StopRead        
 |  |  |  |  |       
 |  |  |  |  +- IIC_RegReadN        
 |  |  |  |  |  | 
 |  |  |  |  |  +- IIC_Start            (see above)
 |  |  |  |  |  |  
 |  |  |  |  |  +- IIC_CycleWrite       (see above)
 |  |  |  |  |  |  
 |  |  |  |  |  +- IIC_RepeatStart      (see above)
 |  |  |  |  |  |  
 |  |  |  |  |  +- IIC_CycleRead        (see above)
 |  |  |  |  |  |  
 |  |  |  |  |  +- IIC_StopRead         (see above)
 |  |  |  |  |     
 |  |  |  |  +- _CALL_STAR08_FAR     (see above)
 |  |  |  |     
 |  |  |  +- TMR_StartIntervalTimer (see above)
 |  |  |     
 |  |  +- App_TransmitSensorData
 |  |  |  | 
 |  |  |  +- MMA8652_CatchSensorData
 |  |  |  |    
 |  |  |  +- UartUtil_PrintHex    (see above)
 |  |  |  |  
 |  |  |  +- GenandTransData     
 |  |  |  |  | 
 |  |  |  |  +- MM_Alloc             (see above)
 |  |  |  |  |  
 |  |  |  |  +- FLib_MemCpy          (see above)
 |  |  |  |  |  
 |  |  |  |  +- NWK_MCPS_SapHandler 
 |  |  |  |     | 
 |  |  |  |     +- List_AddTail         (see above)
 |  |  |  |     |  
 |  |  |  |     +- _CMP24_RC            (see above)
 |  |  |  |     |  
 |  |  |  |     +- SeqSubCompIdleState  (see above) (recursive dependency)
 |  |  |  |     |  
 |  |  |  |     +- _PUSH_CC             (see above)
 |  |  |  |     |  
 |  |  |  |     +- _POP_CC              (see above)
 |  |  |  |     |  
 |  |  |  |     +- gMemLwrSm            (see above)
 |  |  |  |     |  
 |  |  |  |     +- MemDataWfTxComplete  (see above) (recursive dependency)
 |  |  |  |     |  
 |  |  |  |     +- MemLwrIdle           (see above) (recursive dependency)
 |  |  |  |     |  
 |  |  |  |     +- TS_SendEvent         (see above)
 |  |  |  |     |  
 |  |  |  |     +- ZTC_TaskEventMonitor (see above)
 |  |  |  |        
 |  |  |  +- _IDIVS_STAR08       
 |  |  |  |  | 
 |  |  |  |  +- _SPLITSIGN          
 |  |  |  |     | 
 |  |  |  |     +- _IDIVMOD            
 |  |  |  |          
 |  |  |  +- _IMUL_STAR08         (see above)
 |  |  |  |  
 |  |  |  +- UartUtil_Print       (see above)
 |  |  |     
 |  |  +- App_HandleMcpsInput 
 |  |  |  | 
 |  |  |  +- UartUtil_Tx         
 |  |  |     | 
 |  |  |     +- UartUtil_TxCallback  (see above)
 |  |  |     |  
 |  |  |     +- Uart1_Transmit       (see above)
 |  |  |     |  
 |  |  |     +- Uart1_IsTxActive     (see above)
 |  |  |        
 |  |  +- UartUtil_Print       (see above)
 |  |     
 |  +- TS_CreateTask        (see above)
 |  |  
 |  +- MApp_init           
 |  |  | 
 |  |  +- Init_MacExtendedAddress
 |  |  |  | 
 |  |  |  +- MacPhyInit_WriteExtAddress (see above)
 |  |  |     
 |  |  +- App_HandleKeys      
 |  |  |  | 
 |  |  |  +- App_HandleGenericKey
 |  |  |     | 
 |  |  |     +- LED_StopFlash       
 |  |  |     |  | 
 |  |  |     |  +- LED_TurnOffLed      
 |  |  |     |  |    
 |  |  |     |  +- TMR_StopTimer        (see above)
 |  |  |     |     
 |  |  |     +- TS_SendEvent         (see above)
 |  |  |        
 |  |  +- KBD_Init            
 |  |  |  | 
 |  |  |  +- TMR_AllocateTimer    (see above)
 |  |  |  |  
 |  |  |  +- KBD_MatrixSetRows    (see above)
 |  |  |     
 |  |  +- SPI1_Init           
 |  |  |    
 |  |  +- LED_Init            
 |  |  |  | 
 |  |  |  +- TMR_AllocateTimer    (see above)
 |  |  |  |  
 |  |  |  +- LED_TurnOffAllLeds  
 |  |  |     | 
 |  |  |     +- LED_TurnOffLed       (see above)
 |  |  |        
 |  |  +- PWRLib_Init         
 |  |  |    
 |  |  +- Uart1_SetBaud        (see above)
 |  |  |  
 |  |  +- UartRxCallBack      
 |  |  |  | 
 |  |  |  +- TS_SendEvent         (see above)
 |  |  |  |  
 |  |  |  +- Uart1_GetByteFromRxBuffer
 |  |  |       
 |  |  +- Uart1_SetRxCallBack 
 |  |  |  | 
 |  |  |  +- _CMP24_RC            (see above)
 |  |  |     
 |  |  +- IIC_Bus_Reset       
 |  |  |  | 
 |  |  |  +- _IMODS_STAR08       
 |  |  |     | 
 |  |  |     +- _SPLITSIGN           (see above)
 |  |  |        
 |  |  +- IIC_ModuleInit      
 |  |  |    
 |  |  +- MMA8652_Init        
 |  |  |  | 
 |  |  |  +- MMA8652_CallBack    
 |  |  |  |  | 
 |  |  |  |  +- TS_SendEvent         (see above)
 |  |  |  |     
 |  |  |  +- MMA8652_SetCallBack 
 |  |  |  |    
 |  |  |  +- MMA8652_int         
 |  |  |     | 
 |  |  |     +- IIC_RegWrite        
 |  |  |     |  | 
 |  |  |     |  +- IIC_Start            (see above)
 |  |  |     |  |  
 |  |  |     |  +- IIC_CycleWrite       (see above)
 |  |  |     |  |  
 |  |  |     |  +- IIC_Stop            
 |  |  |     |       
 |  |  |     +- TMR_AllocateTimer    (see above)
 |  |  |        
 |  |  +- List_ClearAnchor     (see above)
 |  |  |  
 |  |  +- LED_StartFlash      
 |  |  |  | 
 |  |  |  +- LED_FlashTimeout    
 |  |  |  |    
 |  |  |  +- TMR_StartIntervalTimer (see above)
 |  |  |     
 |  |  +- UartUtil_Print       (see above)
 |  |  |  
 |  |  +- TMR_AllocateTimer    (see above)
 |  |  |  
 |  |  +- count_timer         
 |  |  |    
 |  |  +- TMR_StartIntervalTimer (see above)
 |  |     
 |  +- PWR_DisallowDeviceToSleep
 |  |    
 |  +- TS_Scheduler        
 |     | 
 |     +- _CALL_STAR08_FAR     (see above)
 |        
 +- _Startup             (see above) (recursive dependency)
    
*********************************************************************************************
STATISTIC SECTION
---------------------------------------------------------------------------------------------

ExeFile:
--------
Number of blocks to be downloaded: 16
Total size of all blocks to be downloaded: 51890

