*** EVALUATION ***
PROGRAM "MyWirelessApp Demo Beacon (End Device).abs"

*********************************************************************************************
TARGET SECTION
---------------------------------------------------------------------------------------------
Processor   : Freescale HC08
Memory Model: BANKED
File Format : ELF\DWARF 2.0
Linker      : SmartLinker V-5.0.49 Build 12319, Nov 15 2012

*********************************************************************************************
FILE SECTION
---------------------------------------------------------------------------------------------
ZtcMain_c.obj                           Model: BANKED,        Lang: ANSI-C
TS_kernel_c.obj                         Model: BANKED,        Lang: ANSI-C
Uart_c.obj                              Model: BANKED,        Lang: ANSI-C
Timer_c.obj                             Model: BANKED,        Lang: ANSI-C
SPI_c.obj                               Model: BANKED,        Lang: ANSI-C
RSTHal_c.obj                            Model: BANKED,        Lang: ANSI-C
Led_c.obj                               Model: BANKED,        Lang: ANSI-C
PWRLib_c.obj                            Model: BANKED,        Lang: ANSI-C
PWR_MC1323x_c.obj                       Model: BANKED,        Lang: ANSI-C
Keyboard_c.obj                          Model: BANKED,        Lang: ANSI-C
FunctionLib_c.obj                       Model: BANKED,        Lang: ANSI-C
NV_Data_c.obj                           Model: BANKED,        Lang: ANSI-C
PlatformInit_c.obj                      Model: BANKED,        Lang: ANSI-C
crt0_c.obj                              Model: BANKED,        Lang: ANSI-C
dummyisr_c.obj                          Model: BANKED,        Lang: ANSI-C
icg_c.obj                               Model: BANKED,        Lang: ANSI-C
isrvectors_c.obj                        Model: BANKED,        Lang: ANSI-C
PhyISR_c.obj                            Model: BANKED,        Lang: ANSI-C
PhyPacketProcessor_c.obj                Model: BANKED,        Lang: ANSI-C
PhyPlmeData_c.obj                       Model: BANKED,        Lang: ANSI-C
PhyTime_c.obj                           Model: BANKED,        Lang: ANSI-C
UartUtil_c.obj                          Model: BANKED,        Lang: ANSI-C
MApp_c.obj                              Model: BANKED,        Lang: ANSI-C
MApp_init_c.obj                         Model: BANKED,        Lang: ANSI-C
MacInit_c.obj                           Model: BANKED,        Lang: ANSI-C
GlobalVars_c.obj                        Model: BANKED,        Lang: ANSI-C
rtshc08.o (ansibim.lib)                 Model: BANKED,        Lang: ANSI-C
PhyMacMsg_c.obj (802.15.4_MAC_FFD_S08MC1323x.Lib)Model: BANKED,        Lang: ANSI-C
SmApi_c.obj (802.15.4_MAC_FFD_S08MC1323x.Lib)Model: BANKED,        Lang: ANSI-C
SecurityLib_c.obj (802.15.4_MAC_FFD_S08MC1323x.Lib)Model: BANKED,        Lang: ANSI-C
SecurityApply_c.obj (802.15.4_MAC_FFD_S08MC1323x.Lib)Model: BANKED,        Lang: ANSI-C
SecurityControl_c.obj (802.15.4_MAC_FFD_S08MC1323x.Lib)Model: BANKED,        Lang: ANSI-C
PacketManager_c.obj (802.15.4_MAC_FFD_S08MC1323x.Lib)Model: BANKED,        Lang: ANSI-C
PacketLib_c.obj (802.15.4_MAC_FFD_S08MC1323x.Lib)Model: BANKED,        Lang: ANSI-C
MacPib_c.obj (802.15.4_MAC_FFD_S08MC1323x.Lib)Model: BANKED,        Lang: ANSI-C
MacConst_c.obj (802.15.4_MAC_FFD_S08MC1323x.Lib)Model: BANKED,        Lang: ANSI-C
ClockManager_c.obj (802.15.4_MAC_FFD_S08MC1323x.Lib)Model: BANKED,        Lang: ANSI-C
AsmDriver_c.obj (802.15.4_MAC_FFD_S08MC1323x.Lib)Model: BANKED,        Lang: ANSI-C
MacSeqMC1323X_c.obj (802.15.4_MAC_FFD_S08MC1323x.Lib)Model: BANKED,        Lang: ANSI-C
SeqRxMC1323X_c.obj (802.15.4_MAC_FFD_S08MC1323x.Lib)Model: BANKED,        Lang: ANSI-C
SeqSubMainMC1323X_c.obj (802.15.4_MAC_FFD_S08MC1323x.Lib)Model: BANKED,        Lang: ANSI-C
SeqTxMC1323X_c.obj (802.15.4_MAC_FFD_S08MC1323x.Lib)Model: BANKED,        Lang: ANSI-C
MlmeStart_c.obj (802.15.4_MAC_FFD_S08MC1323x.Lib)Model: BANKED,        Lang: ANSI-C
MlmeScan_c.obj (802.15.4_MAC_FFD_S08MC1323x.Lib)Model: BANKED,        Lang: ANSI-C
MlmePanIdConflict_c.obj (802.15.4_MAC_FFD_S08MC1323x.Lib)Model: BANKED,        Lang: ANSI-C
MlmeInputHandler_c.obj (802.15.4_MAC_FFD_S08MC1323x.Lib)Model: BANKED,        Lang: ANSI-C
MlmeMain_c.obj (802.15.4_MAC_FFD_S08MC1323x.Lib)Model: BANKED,        Lang: ANSI-C
MlmeOutputHandler_c.obj (802.15.4_MAC_FFD_S08MC1323x.Lib)Model: BANKED,        Lang: ANSI-C
MlmeSm_c.obj (802.15.4_MAC_FFD_S08MC1323x.Lib)Model: BANKED,        Lang: ANSI-C
MlmeGts_c.obj (802.15.4_MAC_FFD_S08MC1323x.Lib)Model: BANKED,        Lang: ANSI-C
MlmeAssociate_c.obj (802.15.4_MAC_FFD_S08MC1323x.Lib)Model: BANKED,        Lang: ANSI-C
MemTimer_c.obj (802.15.4_MAC_FFD_S08MC1323x.Lib)Model: BANKED,        Lang: ANSI-C
MemScan_c.obj (802.15.4_MAC_FFD_S08MC1323x.Lib)Model: BANKED,        Lang: ANSI-C
MemData_c.obj (802.15.4_MAC_FFD_S08MC1323x.Lib)Model: BANKED,        Lang: ANSI-C
MemBeacon_c.obj (802.15.4_MAC_FFD_S08MC1323x.Lib)Model: BANKED,        Lang: ANSI-C
MemBeaconSupport_c.obj (802.15.4_MAC_FFD_S08MC1323x.Lib)Model: BANKED,        Lang: ANSI-C
MemInputHandler_c.obj (802.15.4_MAC_FFD_S08MC1323x.Lib)Model: BANKED,        Lang: ANSI-C
MemOutputHandler_c.obj (802.15.4_MAC_FFD_S08MC1323x.Lib)Model: BANKED,        Lang: ANSI-C
MemSmControl_c.obj (802.15.4_MAC_FFD_S08MC1323x.Lib)Model: BANKED,        Lang: ANSI-C
MemSmLib_c.obj (802.15.4_MAC_FFD_S08MC1323x.Lib)Model: BANKED,        Lang: ANSI-C
MemSmLower_c.obj (802.15.4_MAC_FFD_S08MC1323x.Lib)Model: BANKED,        Lang: ANSI-C
McpsConversion_c.obj (802.15.4_MAC_FFD_S08MC1323x.Lib)Model: BANKED,        Lang: ANSI-C
MacMain_c.obj (802.15.4_MAC_FFD_S08MC1323x.Lib)Model: BANKED,        Lang: ANSI-C
ASPMain_c.obj (802.15.4_MAC_FFD_S08MC1323x.Lib)Model: BANKED,        Lang: ANSI-C
Telec_c.obj (802.15.4_MAC_FFD_S08MC1323x.Lib)Model: BANKED,        Lang: ANSI-C

*********************************************************************************************
STARTUP SECTION
---------------------------------------------------------------------------------------------
Entry point: 0x56D2 (_Startup)
_startupData is allocated at 0x2080 and uses 12 Bytes
extern struct _tagStartup {
  unsigned flags          0
  _PFunc   main           0x7033    (main)
  long     stackOffset    0x2FF
  unsigned nofZeroOut     2
  _Range   pZeroOut       0x80     1
                          0x300     2501
  _Copy    *toCopyDownBeg 0x20B0
} _startupData;

*********************************************************************************************
SECTION-ALLOCATION SECTION
Section Name                    Size  Type     From       To       Segment
---------------------------------------------------------------------------------------------
MY_ZEROPAGE                        1   R/W       0x80       0x80   ZERO_PAGE_RAM
.data                            104   R/W      0x300      0x367   APP_RAM
NON_BANKED                      4398     R     0x4000     0x512D   APP_CODE_1
.copy                            110     R     0x20B0     0x211D   APP_CODE_0
.rodata                          289     R     0x512E     0x524E   APP_CODE_1
.rodata1                         969     R     0x524F     0x5617   APP_CODE_1
.text                          10391     R     0x5708     0x7F9E   APP_CODE_1
.startData                        36     R     0x2080     0x20A3   APP_STARTUP_STRUC_FLASH
FREESCALE_PROD_DATA               78     R     0xFF50     0xFF9D   FREESCALE_PROD_FLASH
NV_REGISTERS_SECTION              16     R     0xFFB0     0xFFBF   RES_NV_REGISTERS_FLASH
.stack                           512   R/W      0x100      0x2FF   APP_STACK_RAM
IRQ_VECTOR_SECTION                62     R     0xFFC0     0xFFFD   RES_IRQ_VECTORS_TABLE_FLASH
PAGED_ROM                        142     R     0x9FF2     0xA07F   PPAGE_0
.bss                             555   R/W      0x368      0x592   APP_RAM
.init                            238     R     0x561A     0x5707   APP_CODE_1
.common                         1840   R/W      0x593      0xCC2   APP_RAM
_STARTUP                           2   R/W      0xCC3      0xCC4   APP_RAM
RESET_VECTOR_SECTION               2     R     0x5618     0x5619   APP_CODE_1
APP_CODE_2_0                   16185     R     0xC000     0xFF38   APP_CODE_2
PPAGE_0_1                       8178     R     0x8000     0x9FF1   PPAGE_0
PPAGE_2_2                       7991     R    0x28000    0x29F36   PPAGE_2
PPAGE_2_3                        232     R    0x29F37    0x2A01E   PPAGE_2
RES_RESET_VECTOR_FLASH_vect          2     R     0xFFFE     0xFFFF   RES_RESET_VECTOR_FLASH

Summary of section sizes per section type:
READ_ONLY (R):        C0A7 (dec:    49319)
READ_WRITE (R/W):      BC6 (dec:     3014)

*********************************************************************************************
VECTOR-ALLOCATION SECTION
    Address     InitValue   InitFunction
---------------------------------------------------------------------------------------------
     0xFFFE        0x56D2   _Startup

*********************************************************************************************
OBJECT-ALLOCATION SECTION
     Name               Module                 Addr   hSize   dSize     Ref    Section   RLIB
---------------------------------------------------------------------------------------------
MODULE:                 -- ZtcMain_c.obj --
- PROCEDURES:
     ZTC_TaskEventMonitor                      5708       1       1       6   .text       
- VARIABLES:
MODULE:                 -- TS_kernel_c.obj --
- PROCEDURES:
     TS_CreateTask                             5709      B6     182      11   .text       
     TS_Init                                   57BF      32      50       2   .text       
     TS_SendEvent                              57F1      28      40      76   .text       
     TS_Scheduler                              5819      7B     123       2   .text       
- VARIABLES:
     maTsTaskTable                              593      2A      42      19   .common     
     maTsTaskIDsByPriority                      5BD       7       7       8   .common     
     gIdleTaskID                                5C4       1       1       1   .common     
MODULE:                 -- Uart_c.obj --
- PROCEDURES:
     Uart_ClearErrors                          5894       A      10       2   .text       
     Uart1_GetByteFromRxBuffer                 589E      56      86       4   .text       
     Uart1_IsTxActive                          58F4      10      16       8   .text       
     Uart_ModuleInit                           5904      1C      28       2   .text       
     Uart1_SetRxCallBack                       5920      29      41       2   .text       
     Uart1_SetBaud                             5949     6A4    1700     831   .text       
     Uart1_Transmit                            5FED      76     118       6   .text       
     Uart_Task                                 6063      5F      95       2   .text       
     Uart_TaskInit                             60C2      15      21       2   .text       
     Uart1_ErrorIsr                            4000       C      12       1   NON_BANKED  
     Uart1_RxIsr                               400C      56      86       1   NON_BANKED  
     Uart1_TxIsr                               4062      C9     201       2   NON_BANKED  
- VARIABLES:
     uart1_ungetFlag                            368       1       1       2   .bss        
     Uart1_TxCompleteFlag                       369       1       1       2   .bss        
     maSci1TxCallbackLeadingIndex               36A       1       1       5   .bss        
     maSci1TxCallbackTrailingIndex              36B       1       1       5   .bss        
     uart1_ungetByte                            36C       1       1       1   .bss        
     maSci1TxBufRefTable                        36D       F      15      10   .bss        
     maSci1TxBufLenTable                        37C       3       3       6   .bss        
     mSci1TxCurIndex                            37F       1       1       4   .bss        
     mSci1TxBufRefLeadingIndex                  380       1       1       4   .bss        
     mSci1TxBufRefTrailingIndex                 381       1       1       8   .bss        
     maSci1TxCallbackTable                      382       F      15       8   .bss        
     maSci1RxBuf                                391      20      32       2   .bss        
     mSci1RxBufLeadingIndex                     3B1       1       1       5   .bss        
     mSci1RxBufTrailingIndex                    3B2       1       1       8   .bss        
     pfSci1RxCallBack                           3B3       3       3       5   .bss        
     gUartTaskId                                5C5       1       1       3   .common     
     mSci1RxBufferByteCount                     5C6       1       1       5   .common     
MODULE:                 -- Timer_c.obj --
- PROCEDURES:
     TMR_Init                                  60D7      18      24       2   .text       
     TMR_AllocateTimer                         60EF      1E      30       8   .text       
     TMR_IsTimerActive                         610D       C      12       4   .text       
     TMR_StartTimer                            6119      B3     179       6   .text       
     TMR_StartIntervalTimer                    61CC      21      33       6   .text       
     TMR_StopTimer                             61ED      48      72      18   .text       
     TMR_Task                                  6235     1B5     437       7   .text       
     TMR_EnableTimer                           63EA      3D      61       4   .text       
     TMR_GetTimerStatus                        6427       8       8      10   .text       
     TMR_SetTimerStatus                        642F       F      15       8   .text       
     TMR_GetTimerType                          643E       8       8       6   .text       
     TMR_SetTimerType                          6446       F      15       2   .text       
     TMR_InterruptHandler                      412B      14      20       1   NON_BANKED  
- VARIABLES:
     numberOfActiveTimers                       3B6       1       1       4   .bss        
     numberOfLowPowerActiveTimers               3B7       1       1       4   .bss        
     previousTimeInTicks                        3B8       2       2       3   .bss        
     timerHardwareIsRunning                     3BA       1       1       2   .bss        
     maTmrTimerTable                            3BB      EE     238       4   .bss        
     maTmrTimerStatusTable                      4A9      22      34       7   .bss        
     mTmrRead16bitReg                           4CB       2       2       6   .bss        
     gTimerTaskID                               4CD       1       1       5   .bss        
MODULE:                 -- SPI_c.obj --
- PROCEDURES:
     SPI1_Init                                 6455       2       2       2   .text       
- VARIABLES:
MODULE:                 -- RSTHal_c.obj --
- PROCEDURES:
     RST_GetResetStatus                        6457       7       7       2   .text       
- VARIABLES:
     gRSTResetStatus                            5C7       1       1       1   .common     
MODULE:                 -- Led_c.obj --
- PROCEDURES:
     LED_Init                                  645E       C      12       2   .text       
     LED_TurnOffLed                            646A      19      25       4   .text       
     LED_TurnOffAllLeds                        6483       7       7       2   .text       
     LED_StartFlash                            648A      1F      31       8   .text       
     LED_StopFlash                             64A9      16      22       8   .text       
     LED_FlashTimeout                          64BF      4E      78       2   .text       
- VARIABLES:
     mLEDTimerID                                300       1       1       3   .data       
     mLedFlashingLEDs                           4CE       1       1       9   .bss        
     mfLedInSerialMode                          5C8       1       1       1   .common     
MODULE:                 -- PWRLib_c.obj --
- PROCEDURES:
     PWRLib_Init                               650D      2B      43       2   .text       
- VARIABLES:
     PWRLib_ICGMode                             4CF       1       1       1   .bss        
     PWRLib_MCU_WakeupReason                     80       1       1       5   MY_ZEROPAGE 
     PWRLib_StackPS                             5C9       1       1       1   .common     
MODULE:                 -- PWR_MC1323x_c.obj --
- PROCEDURES:
     PWR_DisallowDeviceToSleep                 6538       E      14       2   .text       
- VARIABLES:
     mLPMFlag                                   4D0       1       1       1   .bss        
MODULE:                 -- Keyboard_c.obj --
- PROCEDURES:
     KBD_Init                                  6546      23      35       2   .text       
     KBD_KeySwitchPortGet                      6569       5       5       2   .text       
     KBD_PortGet                               656E      14      20       2   .text       
     KBD_KeyCheck                              6582      2A      42       2   .text       
     KBD_MatrixSetRows                         65AC      1A      26      16   .text       
     KBD_MatrixActivateRow                     65C6      3C      60       8   .text       
     KBD_MatrixDeactivateRow                   6602      1B      27       2   .text       
     KBD_KeyMatrixGet                          661D      90     144       2   .text       
     KBD_KeyScan                               66AD      81     129       2   .text       
     KBD_FinishScan                            672E       F      15       2   .text       
     Switch_Press_ISR                          413F      27      39       1   NON_BANKED  
- VARIABLES:
     mKeyRowPorts                               301       A      10       6   .data       
     mKeyScanTimerID                            30B       1       1       2   .data       
     mKeyState                                  4D1       1       1       4   .bss        
     mLongKeyCount                              4D2       1       1       3   .bss        
     mSwitch_SCAN                               4D3       2       2       3   .bss        
     mpfKeyFunction                             4D5       3       3       4   .bss        
     pressedKey                                 5CA       1       1       4   .common     
MODULE:                 -- FunctionLib_c.obj --
- PROCEDURES:
     FLib_MemCpy                               673D      1D      29     130   .text       
     FLib_MemCpyDir                            675A      1E      30       2   .text       
     FLib_MemInPlaceCpy                        6778      49      73      12   .text       
     FLib_MemCpyReverseOrder                   67C1      2B      43      16   .text       
     FLib_MemCmp                               67EC      2D      45      28   .text       
     FLib_Cmp2Bytes                            6819      1C      28       4   .text       
     FLib_MemSet                               6835      18      24      26   .text       
     FLib_AddrModeToLength                     684D       C      12      28   .text       
     FLib_AddOffsetToPointer                   6859       8       8      26   .text       
     FLib_ArrayInit                            6861       7       7       6   .text       
     FLib_ArrayLength                          6868       B      11       4   .text       
     FLib_ArraySetOffset                       6873       F      15       4   .text       
     FLib_ArrayAddArray                        6882      1D      29      20   .text       
     FLib_ArrayAddByte                         689F       A      10      10   .text       
- VARIABLES:
     pmaFlibArrayBase                           4D8       2       2       4   .bss        
     pmaFlibArray                               4DA       2       2       7   .bss        
MODULE:                 -- NV_Data_c.obj --
- PROCEDURES:
- VARIABLES:
     gFreescaleVersionStrings                  FF50      22      34       1   FREESCALE_PROD_DATA
     gHardwareParameters                       FF72      2C      44      10   FREESCALE_PROD_DATA
MODULE:                 -- PlatformInit_c.obj --
- PROCEDURES:
     PlatformPortInit                          68A9      2A      42       2   .text       
     Platform_Init                             68D3      1C      28       2   .text       
     Init_802_15_4                             68EF      30      48       2   .text       
- VARIABLES:
MODULE:                 -- crt0_c.obj --
- PROCEDURES:
     loadByte                                  561A       E      14       5   .init       
     Init                                      5628      40      64       1   .init       
     Copy_Down                                 5668      3F      63       1   .init       
     Finish                                    56A7      2B      43       1   .init       
     _Startup                                  56D2      36      54       1   .init       
- VARIABLES:
     _startupData                              2080       C      12       6   .startData  
     pStack                                     CC3       2       2       2   _STARTUP    
     none_volatile_struct                      FFB0      10      16       1   NV_REGISTERS_SECTION
- LABELS:
     __SEG_START_SSTACK                         100       0       0       1               
     __SEG_END_SSTACK                           300       0       0       2               
MODULE:                 -- dummyisr_c.obj --
- PROCEDURES:
     Default_Dummy_ISR                         4166       4       4      22   NON_BANKED  
- VARIABLES:
MODULE:                 -- icg_c.obj --
- PROCEDURES:
     PowerManager_WaitForPowerUp               691F      16      22       2   .text       
- VARIABLES:
MODULE:                 -- isrvectors_c.obj --
- PROCEDURES:
- VARIABLES:
     Reset_vector                              5618       2       2       1   RESET_VECTOR_SECTION
     ISR_vectors                               FFC0      3E      62       1   IRQ_VECTOR_SECTION
MODULE:                 -- PhyISR_c.obj --
- PROCEDURES:
     DummyIsr                                  416A       1       1       2   NON_BANKED  
     PhyPassRxParams                           416B       4       4       5   NON_BANKED  
     PhyISR_SeqCleanup                         416F       F      15       9   NON_BANKED  
     PhyISR_TimeoutCleanup                     417E      13      19       2   NON_BANKED  
     Phy_LqiConvert                            4191      25      37       2   NON_BANKED  
     Phy_GetEnergyLevel                        41B6      16      22       1   NON_BANKED  
     PhyHandlerTx_ISR                          41CC      BA     186       3   NON_BANKED  
     PhyHandlerRx_ISR                          4286      B6     182       3   NON_BANKED  
     PhyHandlerTmr_ISR                         433C      4A      74       1   NON_BANKED  
     PhyHandlerRxWtrmrk_ISR                    4386       9       9       1   NON_BANKED  
- VARIABLES:
     pTimer1Isr                                 30C       3       3       4   .data       
     pfPhyRxTxEndCallback                       4DC       3       3       9   .bss        
     mpRxParams                                 4DF       2       2       5   .bss        
     mPhyLastRxLQI                              5CB       1       1       1   .common     
MODULE:                 -- PhyPacketProcessor_c.obj --
- PROCEDURES:
     PhyInit                                   438F      A8     168       2   NON_BANKED  
     PhyPpSetPromiscuous                       4437      16      22       2   NON_BANKED  
     PhyAbort                                  444D      4C      76       5   NON_BANKED  
     PhyPpSetPanId                             4499       7       7       8   NON_BANKED  
     PhyPpSetShortAddr                         44A0       7       7       6   NON_BANKED  
     PhyPpSetLongAddr                          44A7      28      40       1   NON_BANKED  
     PhyPpSetMacRole                           44CF       8       8       3   NON_BANKED  
     PhyPpSetCcaThreshold                      44D7       4       4       2   NON_BANKED  
     PhyPpIsTxAckDataPending                   44DB       8       8       1   NON_BANKED  
     PhyPpIsRxAckDataPending                   44E3       8       8       2   NON_BANKED  
     PhyPpIsPollIndication                     44EB       8       8       1   NON_BANKED  
     PhyPp_AddToIndirect                       44F3      7A     122       1   NON_BANKED  
     PhyPp_RemoveFromIndirect                  456D       8       8       2   NON_BANKED  
     PhyGetRandomNo                            4575      9C     156       2   NON_BANKED  
- VARIABLES:
     i                                          5CC       1       1       3   .common     
MODULE:                 -- PhyPlmeData_c.obj --
- PROCEDURES:
     PhyPdDataRequest                          4611      7E     126       2   NON_BANKED  
     PhyPlmeRxRequest                          468F      37      55       1   NON_BANKED  
     PhyPlmeCcaEdRequest                       46C6      39      57       2   NON_BANKED  
     PhyPlmeSetCurrentChannelRequest           46FF      47      71       2   NON_BANKED  
     PhyPlmeSetPwrLevelRequest                 4746      35      53       1   NON_BANKED  
- VARIABLES:
     gPhyCurrentChannel                         30F       1       1       1   .data       
     pwrOutIAR10                                310       F      15       1   .data       
     pwrOutIAR11                                31F       F      15       1   .data       
     pwrOutIAR20                                32E       F      15       1   .data       
     pwrOutCtrl                                 33D       F      15       1   .data       
     pfPhyRxTxStartCallback                     4E1       3       3       8   .bss        
MODULE:                 -- PhyTime_c.obj --
- PROCEDURES:
     PhyTimeSetEventTrigger                    477B       B      11       4   NON_BANKED  
     PhyTimeSetEventTimeout                    4786      15      21       7   NON_BANKED  
     PhyTimeDisableEventTimeout                479B       8       8       6   NON_BANKED  
     PhyTimeReadClock                          47A3       E      14      15   NON_BANKED  
- VARIABLES:
MODULE:                 -- UartUtil_c.obj --
- PROCEDURES:
     UartUtil_TxCallback                       6935       5       5       6   .text       
     UartUtil_TxCallbackPaged                  9FF2       1       1       2   PAGED_ROM   
     UartUtil_Tx                               9FF3      27      39       2   PAGED_ROM   
     UartUtil_Print                            A01A      56      86      12   PAGED_ROM   
     HexToAscii                                A070      10      16       4   PAGED_ROM   
     UartUtil_PrintHex                        29F37      E8     232      16   PPAGE_2_3   
- VARIABLES:
MODULE:                 -- MApp_c.obj --
- PROCEDURES:
     MApp_init                                 693A      6B     107       2   .text       
     AppTask                                   69A5     227     551      50   .text       
     UartRxCallBack                            6BCC      1B      27       2   .text       
     App_HandleMlmeInput                       6BE7      16      22       2   .text       
     App_StartScan                             6BFD      5D      93      10   .text       
     App_HandleScanPassiveConfirm              6C5A     156     342       5   .text       
     App_SendAssociateRequest                  6DB0      7E     126      10   .text       
     App_HandleAssociateConfirm                6E2E      4C      76       2   .text       
     App_SetMacPib                             6E7A      19      25       2   .text       
     App_HandleMcpsInput                       6E93      2B      43       2   .text       
     App_WaitMsg                               6EBE      10      16       6   .text       
     App_TransmitUartData                      6ECE      EE     238       7   .text       
     App_HandleGenericKey                      6FBC      30      48       2   .text       
     App_HandleKeys                            6FEC       5       5       2   .text       
     MLME_NWK_SapHandler                       6FF1      1E      30       8   .text       
     MCPS_NWK_SapHandler                       700F      1E      30      12   .text       
     ASP_APP_SapHandler                        702D       6       6       2   .text       
- VARIABLES:
     STRING...Press.any.switch.o.2             524F      40      64       1   .rodata1    
     STRING.Received.an.MLME.Bea.3             528F      2C      44       1   .rodata1    
     STRING...MyWirelessApp.Demo.4             52BB      51      81       1   .rodata1    
     STRING.Start.scanning.for.a.5             530C      27      39       1   .rodata1    
     STRING.Found.a.coordinator..6             5333      35      53       1   .rodata1    
     STRING......................7             5368      35      53       1   .rodata1    
     STRING...Address............8             539D      18      24       1   .rodata1    
     STRING...PAN.ID.............9             53B5      18      24       1   .rodata1    
     STRING...Logical.Channel....10            53CD      18      24       1   .rodata1    
     STRING...Beacon.Spec........11            53E5      18      24       1   .rodata1    
     STRING...Link.Quality.......12            53FD      18      24       1   .rodata1    
     STRING......13                            5415       5       5       1   .rodata1    
     STRING.Scan.did.not.find.a..14            541A      2B      43       1   .rodata1    
     STRING.Associating.to.PAN.c.15            5445      2D      45       1   .rodata1    
     STRING.Successfully.associa.16            5472      30      48       1   .rodata1    
     STRING.We.were.assigned.the.17            54A2      26      38       1   .rodata1    
     STRING.....Ready.to.send.an.18            54C8      36      54       1   .rodata1    
     STRING...Associate.Confirm..19            54FE      2E      46       1   .rodata1    
     STRING.Sending.the.MLME.Sca.20            552C      34      52       1   .rodata1    
     STRING.Done...21                          5560       7       7       1   .rodata1    
     STRING.Invalid.parameter....22            5567      15      21       1   .rodata1    
     STRING.Message.allocation.f.23            557C      1D      29       1   .rodata1    
     STRING.Sending.the.MLME.Ass.24            5599      39      57       1   .rodata1    
     STRING.Done...25                          55D2       7       7       1   .rodata1    
     STRING.Invalid.parameter....26            55D9      15      21       1   .rodata1    
     STRING.Message.allocation.f.27            55EE      2A      42       1   .rodata1    
     keysReceived.61                            4E4       1       1       6   .bss        
     mCoordInfo                                 4E5      16      22      23   .bss        
     maMyAddress                                4FB       8       8       4   .bss        
     mAddrMode                                  503       1       1       4   .bss        
     mpPacket                                   504       2       2      10   .bss        
     mMsduHandle                                506       1       1       2   .bss        
     mcPendingPackets                           507       1       1       5   .bss        
     mMlmeNwkInputQueue                         508       4       4       4   .bss        
     mMcpsNwkInputQueue                         50C       4       4       4   .bss        
     keysBuffer.60                              510      20      32       3   .bss        
     gState                                     5CD       1       1       6   .common     
MODULE:                 -- MApp_init_c.obj --
- PROCEDURES:
     main                                      7033      42      66       2   .text       
     IdleTask                                  7075       1       1       2   .text       
     Init_MacExtendedAddress                   7076      3A      58       2   .text       
     BeeAppAssert                              70B0       8       8       2   .text       
- VARIABLES:
     gAppTaskID_c                               5CE       1       1       9   .common     
MODULE:                 -- MacInit_c.obj --
- PROCEDURES:
     MacInit                                   70B8       5       5       2   .text       
     TS_PlaceHolderTaskInit                    70BD       1       1       2   .text       
     MacTaskInit                               70BE      6B     107       2   .text       
- VARIABLES:
     MacTaskTable                              512E       9       9       6   .rodata     
     gMacTaskID_c                               5CF       1       1      24   .common     
MODULE:                 -- GlobalVars_c.obj --
- PROCEDURES:
     MM_InitMsgTracking                        7129       1       1       2   .text       
     MM_AddMsgToTrackingArray                  712A       1       1       2   .text       
     MM_UpdateMsgTracking                      712B       2       2       6   .text       
- VARIABLES:
     poolInfo                                  5137       9       9       1   .rodata     
     gNumAclEntryDescriptors                   5140       1       1       3   .rodata     
     pLastPool                                  34C       2       2       4   .data       
     pSecondLastPool                            34E       2       2       5   .data       
     maMacHeap                                  5D0     3A2     930       1   .common     
     maMmPools                                  972      12      18       4   .common     
     gPIBaclEntryDescriptorSet                  984      A0     160       1   .common     
MODULE:                 -- rtshc08.o (ansibim.lib) --
- PROCEDURES:
     _PUSH_ARGS_L                              47B1      20      32       2   NON_BANKED  
     _ENTER_UNARY_L                            47D1      29      41       2   NON_BANKED  
     _ENTER_BINARY_L                           47FA      16      22       3   NON_BANKED  
     _ENTER_BINARY_L_RC                        4810      19      25       5   NON_BANKED  
     _LADD_k_is_k_plus_j                       4829      1F      31       2   NON_BANKED  
     _k_is_k_plus_j_l                          4848      1E      30       2   NON_BANKED  
     _k_is_k_plus_j_i                          4866      12      18       3   NON_BANKED  
     _LSUB_k_is_k_minus_j                      4878      1F      31       1   NON_BANKED  
     _LAND_k_is_k_and_j                        4897      1F      31       1   NON_BANKED  
     _LMUL_k_is_k_mul_j                        48B6      81     129       1   NON_BANKED  
     _LDIVMOD                                  4937      A4     164       1   NON_BANKED  
     _LDIVU_k_is_k_div_j                       49DB      17      23       1   NON_BANKED  
     _LCMP_k_rel_j                             49F2      1F      31       2   NON_BANKED  
     _CMP24_k_rel_j                            4A11      1E      30       2   NON_BANKED  
     _IMUL_STAR08                              4A2F      27      39       1   NON_BANKED  
     _ILSR                                     4A56       C      12       1   NON_BANKED  
     _ILSL                                     4A62       C      12       1   NON_BANKED  
     _LINC                                     4A6E      16      22       1   NON_BANKED  
     _LADD                                     4A84       6       6       2   NON_BANKED  
     _LADD_RC                                  4A8A       6       6      12   NON_BANKED  
     _LSUB                                     4A90       6       6       1   NON_BANKED  
     _LAND_RC                                  4A96       6       6       1   NON_BANKED  
     _LMUL_RC                                  4A9C       6       6       2   NON_BANKED  
     _LDIVU_RC                                 4AA2       6       6       3   NON_BANKED  
     _LLSL                                     4AA8      16      22      20   NON_BANKED  
     _LCMP                                     4ABE       6       6      14   NON_BANKED  
     _LCMP_RC                                  4AC4       6       6       4   NON_BANKED  
     _PUSH_ARGS_24                             4ACA      18      24       2   NON_BANKED  
     _ENTER_BINARY_24_RC                       4AE2      18      24       1   NON_BANKED  
     _ENTER_BINARY_24                          4AFA      15      21       1   NON_BANKED  
     _CMP24                                    4B0F       5       5       1   NON_BANKED  
     _CMP24_RC                                 4B14       5       5      30   NON_BANKED  
     _COPY_L                                   4B19      39      57       1   NON_BANKED  
     _POP32                                    4B52      1A      26      14   NON_BANKED  
     _SEXT16_32                                4B6C       D      13       5   NON_BANKED  
     _CALL_STAR08_FAR                          4B79      2A      42      38   NON_BANKED  
     _Jump_Table_Header_Addr                   4BA3      2F      47       1   NON_BANKED  
     _PUSH_CC                                  4BD2       F      15      58   NON_BANKED  
     _POP_CC                                   4BE1       F      15      58   NON_BANKED  
- VARIABLES:
MODULE:                 -- PhyMacMsg_c.obj (802.15.4_MAC_FFD_S08MC1323x.Lib) --
- PROCEDURES:
     MM_Init                                   712D      8E     142       2   .text       
     List_ClearAnchor                          71BB       4       4      24   .text       
     List_AddTail                              71BF      45      69      22   .text       
     List_AddHead                              7204      3F      63      10   .text       
     List_RemoveHead                           7243      2B      43      24   .text       
     List_Remove                               726E      53      83       6   .text       
     List_GetFirst                             72C1      1B      27      12   .text       
     List_GetNext                              72DC      20      32      10   .text       
     MM_AddToPool                              72FC      20      32       2   .text       
     MM_AllocPool                              731C      4A      74       2   .text       
     MM_Alloc                                  7366       8       8      44   .text       
     MM_Free                                   736E      5B      91      98   .text       
     MM_AllocFast                              73C9      58      88       8   .text       
     MM_SetPrivatePool                         7421      13      19       8   .text       
- VARIABLES:
     gFreeMessagesCount                         A24       1       1       7   .common     
MODULE:                 -- SmApi_c.obj (802.15.4_MAC_FFD_S08MC1323x.Lib) --
- PROCEDURES:
     SmApi_UndefState                          7434       1       1       6   .text       
- VARIABLES:
MODULE:                 -- SecurityLib_c.obj (802.15.4_MAC_FFD_S08MC1323x.Lib) --
- PROCEDURES:
     CCM_XorN                                  7435      1E      30       6   .text       
     CCM_CreateAB0                             7453      24      36       6   .text       
     CCM_GetBlockLength                        7477       7       7       4   .text       
     SecLib_CcmStar                            747E     273     627      11   .text       
- VARIABLES:
MODULE:                 -- SecurityApply_c.obj (802.15.4_MAC_FFD_S08MC1323x.Lib) --
- PROCEDURES:
     Sec_ApplyRxSecurity                       76F1     318     792      12   .text       
     Sec_ApplyTxSecurity                       7A09     232     562       6   .text       
     Sec_TraverseBeacon                        7C3B      29      41       4   .text       
     Sec_SecLevelToIntLength                   7C64      11      17       4   .text       
- VARIABLES:
MODULE:                 -- SecurityControl_c.obj (802.15.4_MAC_FFD_S08MC1323x.Lib) --
- PROCEDURES:
     Sec_SecuredModeRx                         7C75      A6     166       2   .text       
     Sec_SecuredModeTx                         7D1B      5C      92       2   .text       
     Sec_DetermineRxSecurityEntry              7D77      94     148       4   .text       
     Sec_DetermineTxSecurityEntry              7E0B      46      70       2   .text       
     Sec_FindAddress                           7E51      AE     174      13   .text       
- VARIABLES:
     srcAddrIndexTable.1                       5141       4       4       1   .rodata     
MODULE:                 -- PacketManager_c.obj (802.15.4_MAC_FFD_S08MC1323x.Lib) --
- PROCEDURES:
     MacTimerHandler                           7EFF       B      11       4   .text       
     PacMan_CheckExpiredPackets                7F0A      76     118       2   .text       
     PacMac_Init                               7F80      1F      31       2   .text       
     PacMan_SetDirectRouteFlag                 C000      86     134       2   APP_CODE_2_0
     PacMan_AddToDirectQueue                   C086      22      34       2   APP_CODE_2_0
     PacMan_AddToDirectQueueHead               C0A8      34      52      18   APP_CODE_2_0
     PacMan_GetFromDirectQueue                 C0DC      1D      29       6   APP_CODE_2_0
     PacMan_IsDirectDataPending                C0F9       B      11       2   APP_CODE_2_0
     PacMan_GetFromIndirectQueue               C104      CA     202       4   APP_CODE_2_0
     PacMan_AddToIndirectQueue                 C1CE      F7     247       2   APP_CODE_2_0
     PacMan_AddToIndirectQueueHead             C2C5      90     144       4   APP_CODE_2_0
     PacMan_PurgeAfterSeqAction                C355      45      69       6   APP_CODE_2_0
     PacMan_Purge                              C39A      38      56       2   APP_CODE_2_0
     AddTransactionExpireTimeToPacket          C3D2      CC     204       2   APP_CODE_2_0
     PacMan_PurgeFromQueue                     C49E     17A     378      12   APP_CODE_2_0
     PacMan_CheckForExpired                    C618      94     148       4   APP_CODE_2_0
     PacMan_ExpirePacket                       C6AC      43      67       4   APP_CODE_2_0
     PacManToPp_AddToIndirect                  C6EF      63      99       4   APP_CODE_2_0
     PacManToPp_RemoveFromIndirect             C752      3E      62       6   APP_CODE_2_0
     PacManToPp_ClearHwIndirect                C790      18      24       2   APP_CODE_2_0
- VARIABLES:
     mPacManDirectPackets_D2C                   A25       4       4       6   .common     
     mPacManDirectPackets_C2D                   A29       4       4       5   .common     
     mPacManIndirectPackets                     A2D       4       4      14   .common     
     mPacManGuardPacket                         A31       1       1       9   .common     
     gpPacketToPurge                            A32       2       2       4   .common     
     mPpIndirectQueueAddr                       A34      18      24       9   .common     
MODULE:                 -- PacketLib_c.obj (802.15.4_MAC_FFD_S08MC1323x.Lib) --
- PROCEDURES:
     PacLib_IsCoordRealignOnOrphan             C7A8      1C      28       2   APP_CODE_2_0
     PacLib_IsGtsRequest                       C7C4      1E      30       2   APP_CODE_2_0
     PacLib_CreateZeroLengthDataPacket         C7E2      EC     236       3   APP_CODE_2_0
     PacLib_CreatePollPacket                   C8CE      D1     209       9   APP_CODE_2_0
     PacLib_CreateBeaconPacket                 C99F     152     338       5   APP_CODE_2_0
- VARIABLES:
     gPacLibUseSecurity                         530       1       1       2   .bss        
MODULE:                 -- MacPib_c.obj (802.15.4_MAC_FFD_S08MC1323x.Lib) --
- PROCEDURES:
     MPIB_Init                                 CAF1      AE     174       3   APP_CODE_2_0
     MPIB_GetPointer                           CB9F      93     147       6   APP_CODE_2_0
     FLib_ArrayAddPibAttribute                 CC32       F      15      16   APP_CODE_2_0
     MPIB_SecAclEntry                          CC41       F      15      12   APP_CODE_2_0
     MPIB_SecMaterial                          CC50       7       7       4   APP_CODE_2_0
- VARIABLES:
     gMacPibOffsetTable                        5145      17      23       2   .rodata     
     gMacPibSecurityOffsetTable                515C       9       9       2   .rodata     
     gMacPibAclDescriptorOffsetTable           5165       7       7       2   .rodata     
     gMacVendorPibOffsetTable                  516C       9       9       2   .rodata     
     gMacPib                                    A4C      82     130     236   .common     
MODULE:                 -- MacConst_c.obj (802.15.4_MAC_FFD_S08MC1323x.Lib) --
- PROCEDURES:
- VARIABLES:
     aMaxFrameRetries                           350       1       1       5   .data       
     aExtendedAddress                           ACE       8       8      17   .common     
MODULE:                 -- ClockManager_c.obj (802.15.4_MAC_FFD_S08MC1323x.Lib) --
- PROCEDURES:
     CM_InitOnStartup                          CC57      23      35       2   APP_CODE_2_0
     CM_TimingIsVeryCritical                   CC7A       C      12      10   APP_CODE_2_0
     CM_TimingIsCritical                       CC86       C      12       6   APP_CODE_2_0
     CM_MoveTimeToBackoff24                    CC92      3E      62       8   APP_CODE_2_0
     CM_GetRandomBackoff                       CCD0      34      52       4   APP_CODE_2_0
     CM_ResetClock                             CD04      15      21      16   APP_CODE_2_0
     CM_ResetClockRel                          CD19      45      69       4   APP_CODE_2_0
     CM_SetNextClockBoundary                   CD5E      10      16      44   APP_CODE_2_0
     CM_SetCurClock                            CD6E      33      51      18   APP_CODE_2_0
- VARIABLES:
     mCMBackoff                                 351       1       1       3   .data       
     mCM_ClockOffset                            531       4       4      38   .bss        
     mCM_CurrentClock                           535       4       4      36   .bss        
     mCM_CurrentClockAbs                        539       4       4      15   .bss        
     mCM_TimeNeededInNextCAP                    53D       2       2      19   .bss        
     mCM_WaitTime                               53F       2       2      12   .bss        
     aMinSetupTime_s                            AD6       1       1      18   .common     
     aMinSetupTimeCritical_s                    AD7       1       1       2   .common     
     aMinSetupTimeVeryCritical_s                AD8       1       1       2   .common     
     mCM_DelayUntilNextAction                   AD9       1       1       8   .common     
     mCM_NextClockBoundary                      ADA       4       4      51   .common     
     mCM_BleEndTime                             ADE       4       4      13   .common     
     CM_RandomBackoff                           AE2       2       2       4   .common     
     mEnableCriticalTiming                      AE4       1       1       5   .common     
MODULE:                 -- AsmDriver_c.obj (802.15.4_MAC_FFD_S08MC1323x.Lib) --
- PROCEDURES:
     Asm_Init                                  CDA1      3C      60       2   APP_CODE_2_0
     Asm_AesEncryptDecrypt                     CDDD      22      34       8   APP_CODE_2_0
     Asm_Ccm                                   CDFF     148     328       4   APP_CODE_2_0
- VARIABLES:
MODULE:                 -- MacSeqMC1323X_c.obj (802.15.4_MAC_FFD_S08MC1323x.Lib) --
- PROCEDURES:
     ResetSequencer                            CF47      2A      42       6   APP_CODE_2_0
     MacSeqInit                                CF71       A      10       2   APP_CODE_2_0
     SeqErrorStateLower                        CF7B       1       1       2   APP_CODE_2_0
     IsCurrentActionAutoRx                     4BF0       D      13       3   NON_BANKED  
     IsCurrentActionExtRx                      4BFD       D      13       1   NON_BANKED  
     SeqPassCompleteToMem                      4C0A      12      18       8   NON_BANKED  
     SeqIsrCompletedInErrorState               4C1C      38      56       2   NON_BANKED  
     SeqGenerateError                          4C54       D      13       2   NON_BANKED  
     SeqSendActionCompleteToMem                4C61      64     100       2   NON_BANKED  
     SeqInjectEventToSubComponent              4CC5      52      82       8   NON_BANKED  
     SeqFinishActionReq                        4D17      50      80       1   NON_BANKED  
     SeqActionReq                              4D67      1A      26       1   NON_BANKED  
     PhyPdDataConfirm                          4D81      12      18       2   NON_BANKED  
     PhyPdDataIndication                       4D93      12      18       1   NON_BANKED  
     PhyPlmeCcaConfirm                         4DA5      24      36       3   NON_BANKED  
     PhyPlmeEdConfirm                          4DC9       A      10       1   NON_BANKED  
     PhyPlmeSyncLossIndication                 4DD3      1D      29       4   NON_BANKED  
     PhyTimeRxTimeoutIndication                4DF0      4A      74       6   NON_BANKED  
     PhyTimeStartEventIndication               4E3A       5       5       1   NON_BANKED  
- VARIABLES:
     pCurrentSeqAction                          AE5       2       2      54   .common     
     mpPendingSeqMemCompletion                  AE7       1       1       5   .common     
     mSeqSubComponentStateMachine               AE8       4       4      71   .common     
     mBufferedError                             AEC       1       1       3   .common     
     mpSeqRxData                                AED       2       2      42   .common     
     mMacRxMask                                 AEF       1       1       4   .common     
     gSeqInErrorState                           AF0       1       1       1   .common     
     gSeqGotDataIndication                      AF1       1       1       5   .common     
     gPendingSeqMemActionFinished               AF2       1       1       4   .common     
MODULE:                 -- SeqRxMC1323X_c.obj (802.15.4_MAC_FFD_S08MC1323x.Lib) --
- PROCEDURES:
     SeqWaitRxBuffer                           CF7C      57      87       4   APP_CODE_2_0
     SeqWaitRxConfirm                          CFD3     119     281      15   APP_CODE_2_0
     SeqWaitTimeout                            D0EC      1C      28       4   APP_CODE_2_0
     SeqWaitEdConfirm                          D108      1B      27       2   APP_CODE_2_0
     ContinueOrCompleteRx                      4E3F      25      37       2   NON_BANKED  
     RestartRxOrTimeout                        4E64      22      34       3   NON_BANKED  
     RestartRx                                 4E86      5F      95       2   NON_BANKED  
     GenerateAck                               4EE5      15      21       1   NON_BANKED  
     SeqMacRxFilter                            4EFA     11C     284       5   NON_BANKED  
     SeqPanIdConflictDetected                  5016       D      13       1   NON_BANKED  
     SeqRx_PhyPlmeRxRequest                    5023      10      16       6   NON_BANKED  
- VARIABLES:
     frmCtrlTable                              5175      10      16       1   .rodata     
     repeaterPromMatchOn                        541       1       1       2   .bss        
     mCurrentClock                              542       4       4       3   .bss        
     dstsrc                                     546       1       1       1   .bss        
     dst                                        547       1       1       1   .bss        
     src                                        548       1       1       1   .bss        
     frameControlLow                            549       1       1       3   .bss        
     mDstLen                                    54A       1       1       3   .bss        
     mSrcLen                                    54B       1       1       5   .bss        
     mFrameType                                 54C       1       1       2   .bss        
     ackedFrameHead                             AF3       3       3       2   .common     
     notifiedTask                               AF6       1       1       1   .common     
     notificationEvent                          AF7       2       2       1   .common     
     gRxTimeStamp24                             AF9       4       4       5   .common     
     gRxTimeStamp                               AFD       2       2       1   .common     
     mPhyRxParams                               AFF       5       5       2   .common     
     seqToPhySavedRxPtr                         B04       2       2       2   .common     
     startAckClock                              B06       4       4       4   .common     
     mAckFrame                                  B0A       4       4       3   .common     
MODULE:                 -- SeqSubMainMC1323X_c.obj (802.15.4_MAC_FFD_S08MC1323x.Lib) --
- PROCEDURES:
     SeqSubCompIdleState                       D123     129     297      43   APP_CODE_2_0
- VARIABLES:
     cccaSetPending                             54D       1       1       4   .bss        
     gCurrentPALevel                            B0E       1       1       1   .common     
     gpaPowerLevelLimits                        B0F       2       2       1   .common     
MODULE:                 -- SeqTxMC1323X_c.obj (802.15.4_MAC_FFD_S08MC1323x.Lib) --
- PROCEDURES:
     SeqWaitTxConfirm                          D24C     1CE     462      20   APP_CODE_2_0
     SetupTxCompleteClock                      5033      B8     184       2   NON_BANKED  
     SeqTx_PhyPdDataReq                        50EB      43      67       3   NON_BANKED  
- VARIABLES:
     seqToPhySavedTxPtr                         B11       2       2       7   .common     
     gLowLatencyTX                              B13       1       1       5   .common     
     completeCCAClock                           B14       4       4       3   .common     
     startCcca                                  B18       4       4       3   .common     
     endCcca                                    B1C       4       4       3   .common     
     difCcca                                    B20       2       2       1   .common     
     mRxOnTxParams                              B22       5       5       2   .common     
MODULE:                 -- MlmeStart_c.obj (802.15.4_MAC_FFD_S08MC1323x.Lib) --
- PROCEDURES:
     MlmeStart_Init                            D41A      C1     193       4   APP_CODE_2_0
     MlmeStart_Finish                          D4DB      1B      27       6   APP_CODE_2_0
     MlmeStartWaitTxResult                     D4F6      48      72       2   APP_CODE_2_0
- VARIABLES:
MODULE:                 -- MlmeScan_c.obj (802.15.4_MAC_FFD_S08MC1323x.Lib) --
- PROCEDURES:
     MlmeScan_InitScan                         D53E      F4     244       2   APP_CODE_2_0
     MlmeScan_StartScan                        D632      7B     123       8   APP_CODE_2_0
     MlmeScan_ProcessBeacon                    D6AD     141     321       6   APP_CODE_2_0
     MlmeScan_StoreOrphanResult                D7EE      44      68       2   APP_CODE_2_0
     MlmeEdScan                                D832      61      97       2   APP_CODE_2_0
     MlmeActivePassiveScan                     D893      97     151       4   APP_CODE_2_0
     MlmeOrphanScan                            D92A      7E     126       2   APP_CODE_2_0
- VARIABLES:
     mScanChannels                              54E       3       3       7   .bss        
     mChannelMask                               551       1       1      10   .bss        
     mCurrentMask                               552       1       1       7   .bss        
     mScanDuration                              553       1       1       4   .bss        
     mScanChannel                               554       1       1       2   .bss        
     mScanType                                  555       1       1       6   .bss        
     mPanIdBackup                               556       2       2       5   .bss        
     mResultListSize                            558       1       1       9   .bss        
     mpScanResults                              559       2       2      14   .bss        
     mResultsForCurrentBlock                    55B       1       1       5   .bss        
     mpDescriptorsBlock                         55C       2       2       5   .bss        
     gMlmeScan_CheckBeacon                      B27       1       1       8   .common     
     gMlmeScan_CurrentChannel                   B28       1       1      10   .common     
     gMlmeScan_FastEd                           B29       1       1       4   .common     
MODULE:                 -- MlmePanIdConflict_c.obj (802.15.4_MAC_FFD_S08MC1323x.Lib) --
- PROCEDURES:
     MlmePanIdConflictDetected                 D9A8      26      38       2   APP_CODE_2_0
- VARIABLES:
MODULE:                 -- MlmeInputHandler_c.obj (802.15.4_MAC_FFD_S08MC1323x.Lib) --
- PROCEDURES:
     MlmeIh_Init                               D9CE       E      14       2   APP_CODE_2_0
     MlmeIh_ReuseNwkMsgForMem                  D9DC       D      13       2   APP_CODE_2_0
     MlmeIh_ReuseMemMsgForNwk                  D9E9       D      13      16   APP_CODE_2_0
     MlmeIh_ParseFrameHeader                   D9F6      A3     163      14   APP_CODE_2_0
     MlmeIh_ParseCommandFrame                  DA99      93     147       2   APP_CODE_2_0
     MlmeIh_ProcessBeaconFrame                 DB2C     1D8     472       6   APP_CODE_2_0
     MlmeIh_ProcessPendingAddressList          DD04      A8     168       2   APP_CODE_2_0
     MlmeIh_BuildPanDescriptor                 DDAC      E0     224       2   APP_CODE_2_0
     MlmeIh_ProcessPurgeRequest                DE8C      2F      47       2   APP_CODE_2_0
     MlmeIh_ProcessMemTxCnf                    DEBB      8D     141       2   APP_CODE_2_0
     MlmeIh_ProcessRemoteDataRequest           DF48      92     146       2   APP_CODE_2_0
     MlmeIh_ProcessPollConfirm                 DFDA     14B     331       2   APP_CODE_2_0
     MlmeIh_ProcessBeaconRequest               E125      49      73       2   APP_CODE_2_0
     MlmeIh_PreProcessMemMessage               E16E      EB     235       5   APP_CODE_2_0
- VARIABLES:
     hdrOffset                                 5185       4       4       1   .rodata     
     remoteFrameDescOffsets                    5189       9       9       1   .rodata     
     remoteFrameDesc                           5192       D      13       1   .rodata     
     mpMlmeIhPendingNwkMsg                      B2A       2       2      36   .common     
     mpMlmeIhPendingMemMsg                      B2C       2       2      34   .common     
     gMlmeCurrentMacFrameHeader                 B2E      16      22      20   .common     
     gAutoPollAllowed                           B44       1       1       7   .common     
MODULE:                 -- MlmeMain_c.obj (802.15.4_MAC_FFD_S08MC1323x.Lib) --
- PROCEDURES:
     Mlme_Init                                 E259      80     128       2   APP_CODE_2_0
     NWK_MLME_SapHandler                       E2D9      88     136      18   APP_CODE_2_0
     MEM_MLME_SapHandler                       E361      20      32      20   APP_CODE_2_0
     NWK_MCPS_SapHandler                       E381      6F     111       2   APP_CODE_2_0
     Mlme_Main                                 E3F0     173     371       2   APP_CODE_2_0
     Mlme_FreeSendPendingMsg                   E563      39      57      22   APP_CODE_2_0
     Mlme_CreateAndSendCommStatusOnRxPacket       E59C      90     144       2   APP_CODE_2_0
     MlmeSm_ErroneousInput                     E62C      24      36       6   APP_CODE_2_0
     Mlme_Reset                                E650      31      49       2   APP_CODE_2_0
     Mlme_HandleSetGetReq                      E681      D4     212       4   APP_CODE_2_0
     Mlme_VerifyNwkInput                       E755     2F1     753      34   APP_CODE_2_0
     Mlme_CheckPibAttributes                   EA46     1D0     464      12   APP_CODE_2_0
     MacPhyStartTimer                          EC16       F      15       2   APP_CODE_2_0
     MacPhyStopTimer                           EC25       5       5       2   APP_CODE_2_0
     MacRxTxTimerCallBack                      EC2A      49      73       2   APP_CODE_2_0
- VARIABLES:
     mPibAttributesRangeTable                  519F      3F      63       3   .rodata     
     gMacTimerID                                352       1       1       7   .data       
     gSequencerTimerID                          353       1       1       2   .data       
     gMacRxTxPacketTimerID                      354       1       1       5   .data       
     gExpiryTimeNextService                     55E       2       2      14   .bss        
     gExpiryTimeCurCnt                          560       2       2      15   .bss        
     gRxSecurityUse                             B45       1       1       9   .common     
     gRxSecurityAclEntry                        B46       1       1      13   .common     
     gRxSecurityFailure                         B47       1       1       6   .common     
     gRxTxPacketCnt                             B48       1       1       5   .common     
     gCurrentRxTxPacketCnt                      B49       1       1       2   .common     
     mMemMlmeInputQueue                         B4A       4       4       6   .common     
     mNwkMlmeInputQueue                         B4E       4       4       5   .common     
     mNwkMcpsInputQueue                         B52       4       4       5   .common     
MODULE:                 -- MlmeOutputHandler_c.obj (802.15.4_MAC_FFD_S08MC1323x.Lib) --
- PROCEDURES:
     MlmeOh_Init                               EC73       9       9       2   APP_CODE_2_0
     MlmeOh_NwkMsg                             EC7C      14      20      38   APP_CODE_2_0
     MlmeOh_MemMsg                             EC90      14      20      16   APP_CODE_2_0
     MlmeOh_SendNwk                            ECA4       F      15       2   APP_CODE_2_0
     MlmeOh_SendMem                            ECB3       F      15       4   APP_CODE_2_0
     MlmeOh_SendMsgToMem                       ECC2      74     116      16   APP_CODE_2_0
     MlmeOh_CreateCommandFrameMessage          ED36      58      88      16   APP_CODE_2_0
     MlmeOh_CreateCommandFrame                 ED8E     2E0     736      11   APP_CODE_2_0
- VARIABLES:
     mBroadCastAddr                            51DE       2       2       9   .rodata     
     maRuleTable                               51E0      13      19       1   .rodata     
     mCmdFrameDescs                            51F3      58      88       2   .rodata     
     mpMlmeOhPendingNwkMsg                      B56       2       2      51   .common     
     mpMlmeOhPendingMemMsg                      B58       2       2      16   .common     
MODULE:                 -- MlmeSm_c.obj (802.15.4_MAC_FFD_S08MC1323x.Lib) --
- PROCEDURES:
     MlmeSm_Init                               F06E      11      17       2   APP_CODE_2_0
     MlmeOrphan_SendNotification               F07F      28      40       2   APP_CODE_2_0
     MlmeSm_CreateCommStatusIndication         F0A7      49      73       4   APP_CODE_2_0
     MlmeSm_CreateSyncLossIndication           F0F0      19      25       6   APP_CODE_2_0
     MlmeSm_HandleSyncLoss                     F109      2A      42       2   APP_CODE_2_0
     MlmeSm_HandleMemTxCnf                     F133      F3     243       8   APP_CODE_2_0
     MlmeSmIdle                                F226     3A6     934      69   APP_CODE_2_0
     MlmeSm_DisassociateRemovePANref           F5CC      1D      29       4   APP_CODE_2_0
- VARIABLES:
     gMlmeSm                                    355       4       4      61   .data       
     startCurrentChannel                        B5A       1       1       2   .common     
MODULE:                 -- MlmeGts_c.obj (802.15.4_MAC_FFD_S08MC1323x.Lib) --
- PROCEDURES:
     MlmeGts_SendRequest                       F5E9      46      70       2   APP_CODE_2_0
     MlmeGts_ProcessPendingRequest             F62F      6C     108       2   APP_CODE_2_0
     MlmeGts_CompleteHandler                   F69B      26      38       8   APP_CODE_2_0
     MlmeGts_SendConfirm                       F6C1      21      33       6   APP_CODE_2_0
     gtsForcedDelete                           F6E2      58      88       2   APP_CODE_2_0
     MlmeGts_ProcessRxBeaconGtsData            F73A     131     305       6   APP_CODE_2_0
     MlmeGts_ProcessRemoteRequest              F86B      7C     124       2   APP_CODE_2_0
     gtsExpireSlot                             F8E7      A1     161       3   APP_CODE_2_0
     gtsAddToBack                              F988      37      55       4   APP_CODE_2_0
     gtsGetStartSlot                           F9BF      61      97       2   APP_CODE_2_0
     MlmeGts_GenerateGtsData                   FA20      D7     215       6   APP_CODE_2_0
     MlmeGts_init                              FAF7      34      52       4   APP_CODE_2_0
     gtsSendIndication                         FB2B      3D      61      10   APP_CODE_2_0
     MlmeGts_GuardedActionHandler              FB68      50      80       2   APP_CODE_2_0
     MlmeGts_CheckValidGts                     FBB8      F8     248       8   APP_CODE_2_0
     MlmeGts_QueueGtsFrame                     FCB0      14      20       2   APP_CODE_2_0
     MlmeGts_Reset                             FCC4      21      33       4   APP_CODE_2_0
     gtsFlushAnchor                            FCE5      25      37       6   APP_CODE_2_0
     gtsAllocateSlot                           FD0A      6B     107       4   APP_CODE_2_0
     gtsReallocateSlot                         FD75      45      69       2   APP_CODE_2_0
     gtsDeallocateSlot                         FDBA      76     118       8   APP_CODE_2_0
     gtsAlignSlots                             FE30     109     265      11   APP_CODE_2_0
     gtsCalculateSlotTiming                    8000      D8     216       6   PPAGE_0_1   
     gtsCalculateSlotExpiration                80D8      1E      30       4   PPAGE_0_1   
     MemGts_GetNextSlot                        80F6      FC     252       3   PPAGE_0_1   
- VARIABLES:
     gLastCapSlot                               B5B       1       1      10   .common     
     gMlmeGtsAllocRequestSent                   B5C       1       1       8   .common     
     gMlmeGtsBeaconsRemaining                   B5D       1       1       4   .common     
     gMlmeGtsRequestedCharacteristics           B5E       1       1       7   .common     
     gMlmeGtsSecurity                           B5F       1       1       2   .common     
     gGtsData                                   B60      17      23       4   .common     
     gGtsLen                                    B77       1       1       5   .common     
     gGtsInfoArray                              B78      8C     140      27   .common     
     gGtsGuardedAction                          C04       1       1      13   .common     
     gUpdateGtsData                             C05       1       1       4   .common     
     pGtsAnchor                                 C06       2       2       3   .common     
     gMlmeGtsAccess                             C08       1       1      16   .common     
     gMemGtsAccess                              C09       1       1      12   .common     
MODULE:                 -- MlmeAssociate_c.obj (802.15.4_MAC_FFD_S08MC1323x.Lib) --
- PROCEDURES:
     MlmeAssociate_SendRequest                 81F2      A4     164       2   PPAGE_0_1   
     MlmeAssociate_SendPollRequest             8296      1C      28       2   PPAGE_0_1   
     MlmeAssociate_SendIndication              82B2      3B      59       2   PPAGE_0_1   
     MlmeAssociate_SendConfirm                 82ED      55      85       4   PPAGE_0_1   
     MlmeAssociate_SendErrConfirm              8342      20      32       8   PPAGE_0_1   
     MlmeDisassociate_SendIndication           8362      2F      47       2   PPAGE_0_1   
     MlmeAssociate_HandlePollCompletion        8391      28      40       2   PPAGE_0_1   
     MlmeAssociate_SetTimer                    83B9      3C      60       8   PPAGE_0_1   
     MlmeAssociateWaitTxResult                 83F5      B4     180      11   PPAGE_0_1   
     MlmeAssociateIgnorePollConfirm            84A9      16      22       2   PPAGE_0_1   
     MlmeAssociateWaitTimeout                  84BF      76     118       4   PPAGE_0_1   
- VARIABLES:
     mAssociateCoordAddrMode                    C0A       1       1       2   .common     
     mAssociateSecurityEnable                   C0B       1       1       2   .common     
     mAssociateCoordAddress                     C0C       8       8       1   .common     
     mAssociateCoordPanId                       C14       2       2       1   .common     
     mWaitForAssociateResp                      C16       1       1       4   .common     
MODULE:                 -- MemTimer_c.obj (802.15.4_MAC_FFD_S08MC1323x.Lib) --
- PROCEDURES:
     MemTimer_StartWait                        8535      16      22       2   PPAGE_0_1   
     MemLwrWaitTimer                           854B      1C      28       2   PPAGE_0_1   
- VARIABLES:
MODULE:                 -- MemScan_c.obj (802.15.4_MAC_FFD_S08MC1323x.Lib) --
- PROCEDURES:
     MemScan_InitEd                            8567      2F      47       2   PPAGE_0_1   
     MemScan_InitScan                          8596      FE     254       2   PPAGE_0_1   
     MemScan_InitPassiveScan                   8694      1F      31       2   PPAGE_0_1   
     MemScan_CalcScanDuration                  86B3      56      86       6   PPAGE_0_1   
     MemEdScanChannel                          8709      53      83       2   PPAGE_0_1   
     MemScanChannelRx                          875C      68     104       4   PPAGE_0_1   
     MemScanOrphanRx                           87C4      AD     173       3   PPAGE_0_1   
- VARIABLES:
     gMemScan_ScanDuration                      C17       4       4      10   .common     
     gMemScan_ScanCompleted                     C1B       1       1      12   .common     
     mMaxDetectedEnergy                         C1C       1       1       4   .common     
MODULE:                 -- MemData_c.obj (802.15.4_MAC_FFD_S08MC1323x.Lib) --
- PROCEDURES:
     MemData_Init                              8871       6       6       2   PPAGE_0_1   
     MemData_StartupTrsHandler                 8877      18      24       4   PPAGE_0_1   
     MemData_TrsHandler                        888F      CE     206      12   PPAGE_0_1   
     MemDataWfActionFinish                     895D      13      19       2   PPAGE_0_1   
     MemDataWfAutoRxComplete                   8970      32      50       6   PPAGE_0_1   
     MemDataWfRandomBackoff                    89A2      56      86       2   PPAGE_0_1   
     MemDataWfTxComplete                       89F8      95     149       4   PPAGE_0_1   
     MemDataDeviceWfDataReqComplete            8A8D      B3     179       4   PPAGE_0_1   
     MemData_StartRxEnableTrsHandler           8B40      4A      74       2   PPAGE_0_1   
- VARIABLES:
     mMemDataDefaultRxInterval_c               524B       4       4       1   .rodata     
     gNumTxNoAck                                562       1       1       2   .bss        
     mMemData                                   C1D       1       1       4   .common     
MODULE:                 -- MemBeacon_c.obj (802.15.4_MAC_FFD_S08MC1323x.Lib) --
- PROCEDURES:
     MemBeacon_Init                            8B8A       8       8       2   PPAGE_0_1   
     MemBeacon_ActionFailCallback              8B92      13      19       2   PPAGE_0_1   
     MemBeacon_SetMaintenanceScanPending       8BA5       6       6       2   PPAGE_0_1   
     MemBeacon_EnableOrDisableBattLifeExtForThisCap       8BAB      17      23       2   PPAGE_0_1   
     MemBeacon_SendAspInd                      8BC2      33      51      12   PPAGE_0_1   
     MemBeacon_SetupTimer                      8BF5       4       4       4   PPAGE_0_1   
     MemBeacon_BeaconRxFilter                  8BF9      49      73       2   PPAGE_0_1   
     MemBeacon_StoreContext                    8C42      2D      45       6   PPAGE_0_1   
     MemBeacon_RestoreContextExclClock         8C6F      15      21       4   PPAGE_0_1   
     MemBeacon_RestoreContext                  8C84      3B      59       2   PPAGE_0_1   
     MemBeacon_TreeModeTrsHandler              8CBF      A9     169       4   PPAGE_0_1   
     MemBeacon_StartupTrsHandler               8D68      CE     206       2   PPAGE_0_1   
     MemBeacon_BcnTrsHandler                   8E36      D1     209      15   PPAGE_0_1   
     MemBeaconBcnCoordWfTxComplete             8F07      58      88       4   PPAGE_0_1   
     MemBeaconBcnDeviceWfRxComplete            8F5F      B2     178       8   PPAGE_0_1   
     MemBeacon_NoSyncTrsHandler                9011      BC     188       5   PPAGE_0_1   
     MemBeaconBcnDeviceSyncedOnBeacon          90CD      28      40       2   PPAGE_0_1   
     MemBeaconBcnDeviceNotSyncedOnBeacon       90F5       F      15       2   PPAGE_0_1   
     MemBeacon_TxTrsHandler                    9104      D5     213       2   PPAGE_0_1   
     MemBeacon_RxTrsHandler                    91D9      61      97       2   PPAGE_0_1   
     MemBeacon_CapTrsHandler                   923A      74     116      24   PPAGE_0_1   
     MemBeacon_CapEndedTrsHandler              92AE       A      10      14   PPAGE_0_1   
     MemBeaconCapWfAutoRxComplete              92B8      32      50       8   PPAGE_0_1   
     MemBeaconCapCoordWfBattLifeRxComplete       92EA      5A      90       4   PPAGE_0_1   
     MemBeaconCapWfRandomBackoffBeforeTx       9344      13      19       2   PPAGE_0_1   
     MemBeaconCapWfTxComplete                  9357      7F     127       2   PPAGE_0_1   
     MemBeaconCapDeviceWfDataReqComplete       93D6      EB     235       7   PPAGE_0_1   
     MemBeaconCapDeviceWfDataReqReceiveComplete       94C1      57      87       2   PPAGE_0_1   
     MemBeaconCapDeviceWfTimerExpired          9518      27      39       2   PPAGE_0_1   
     MemBeaconCapWait                          953F      8D     141       4   PPAGE_0_1   
     MemBeaconCapWfCapEnd                      95CC       F      15       4   PPAGE_0_1   
     MemBeaconCapWfActionFinished              95DB       F      15       6   PPAGE_0_1   
     MemBeaconCapRxEnableWfActionFinished       95EA      A8     168       3   PPAGE_0_1   
     MemBeacon_CfpCheckAndStartGtsTrsHandler       9692      98     152       8   PPAGE_0_1   
     MemBeacon_CfpTrsHandler                   972A      72     114       4   PPAGE_0_1   
     MemBeaconCfpWfAutoRxComplete              979C      20      32       4   PPAGE_0_1   
     MemBeaconCfpWfTxComplete                  97BC      46      70       4   PPAGE_0_1   
     MemBeaconCfpWait                          9802      24      36       6   PPAGE_0_1   
     MemBeacon_ActivePeriodEndedTrsHandler       9826      B5     181       2   PPAGE_0_1   
     MemBeaconInactive                         98DB      7C     124      12   PPAGE_0_1   
     MemBeaconInactiveRxEnableWfActionFinished       9957      A8     168       3   PPAGE_0_1   
     MemBeaconMaintenanceScan                  99FF      40      64       2   PPAGE_0_1   
     MemBcn_ProcessRxBeaconFnc                 9A3F       8       8       2   PPAGE_0_1   
- VARIABLES:
     gMemBeaconCntr                             C1E       1       1       4   .common     
     memBeaconTimeInfo                          C1F      1C      28     102   .common     
     mMemBeacon                                 C3B      20      32     103   .common     
MODULE:                 -- MemBeaconSupport_c.obj (802.15.4_MAC_FFD_S08MC1323x.Lib) --
- PROCEDURES:
     MemBeaconSupport_Init                     9A47      1E      30       2   PPAGE_0_1   
     BeaconMaintenance                         9A65      78     120       2   PPAGE_0_1   
     CalcBleEndTime                            9ADD      3E      62       2   PPAGE_0_1   
     CalcBeaconTime                            9B1B     221     545       6   PPAGE_0_1   
     CreatePendingAddressList                  9D3C      C3     195       4   PPAGE_0_1   
     CopyPendingAddressFieldsToBeaconFrame       9DFF      5F      95       2   PPAGE_0_1   
     UpdateBeaconTime                          9E5E      2E      46       6   PPAGE_0_1   
     ProcessRxBeacon                           9E8C      DE     222       2   PPAGE_0_1   
- VARIABLES:
     gmBackoffPeriod                            359       1       1       3   .data       
     mBeaconExtAddrs                            C5B      38      56       2   .common     
     mBeaconShortAddrs                          C93       E      14       2   .common     
     mBeaconExtAddrCnt                          CA1       1       1       8   .common     
     mBeaconShortAddrCnt                        CA2       1       1       9   .common     
     mLastBeaconCnt                             CA3       1       1       1   .common     
MODULE:                 -- MemInputHandler_c.obj (802.15.4_MAC_FFD_S08MC1323x.Lib) --
- PROCEDURES:
     Mem_Init                                  9F6A      19      25       2   PPAGE_0_1   
     MemIh_InjectCtrlEvent                     9F83      3D      61       6   PPAGE_0_1   
     MemIh_InjectLwrEvent                      9FC0      32      50       8   PPAGE_0_1   
     MLME_MEM_SapHandler                      28000      A3     163       4   PPAGE_2_2   
     MemIh_SeqActionCompleteInd               280A3      2C      44       4   PPAGE_2_2   
     MemIh_SeqActionFailInd                   280CF      21      33       4   PPAGE_2_2   
     MemIh_SeqActionFinishedInd               280F0      1E      30       4   PPAGE_2_2   
[...]
 |  |     |     |  |  |  |  
 |  |     |     |  |  |  +- gtsSendIndication    (see above) (recursive dependency)
 |  |     |     |  |  |  |  
 |  |     |     |  |  |  +- gtsReallocateSlot   
 |  |     |     |  |  |  |  | 
 |  |     |     |  |  |  |  +- gtsCalculateSlotTiming (see above)
 |  |     |     |  |  |  |     
 |  |     |     |  |  |  +- MlmeGts_CompleteHandler (see above) (recursive dependency)
 |  |     |     |  |  |  |  
 |  |     |     |  |  |  +- gtsAlignSlots        (see above)
 |  |     |     |  |  |     
 |  |     |     |  |  +- MlmeIh_ProcessPendingAddressList
 |  |     |     |  |  |  | 
 |  |     |     |  |  |  +- FLib_MemCmp          (see above)
 |  |     |     |  |  |  |  
 |  |     |     |  |  |  +- PacLib_CreatePollPacket (see above)
 |  |     |     |  |  |  |  
 |  |     |     |  |  |  +- FLib_AddOffsetToPointer (see above)
 |  |     |     |  |  |  |  
 |  |     |     |  |  |  +- MlmeOh_SendMsgToMem  (see above) (recursive dependency)
 |  |     |     |  |  |     
 |  |     |     |  |  +- MM_Free              (see above)
 |  |     |     |  |  |  
 |  |     |     |  |  +- MlmeIh_BuildPanDescriptor
 |  |     |     |  |  |  | 
 |  |     |     |  |  |  +- FLib_AddrModeToLength (see above)
 |  |     |     |  |  |  |  
 |  |     |     |  |  |  +- FLib_MemSet          (see above)
 |  |     |     |  |  |  |  
 |  |     |     |  |  |  +- FLib_MemCpy          (see above)
 |  |     |     |  |  |  |  
 |  |     |     |  |  |  +- FLib_AddOffsetToPointer (see above)
 |  |     |     |  |  |     
 |  |     |     |  |  +- MlmeScan_ProcessBeacon
 |  |     |     |  |  |  | 
 |  |     |     |  |  |  +- FLib_MemCmp          (see above)
 |  |     |     |  |  |  |  
 |  |     |     |  |  |  +- FLib_MemCpy          (see above)
 |  |     |     |  |  |  |  
 |  |     |     |  |  |  +- MM_Alloc             (see above)
 |  |     |     |  |  |  |  
 |  |     |     |  |  |  +- MlmeOh_MemMsg        (see above)
 |  |     |     |  |  |     
 |  |     |     |  |  +- MlmeOh_NwkMsg        (see above)
 |  |     |     |  |  |  
 |  |     |     |  |  +- FLib_MemCpy          (see above)
 |  |     |     |  |  |  
 |  |     |     |  |  +- Mlme_FreeSendPendingMsg (see above) (recursive dependency)
 |  |     |     |  |     
 |  |     |     |  +- Mcps_ConvertMemMsg  
 |  |     |     |  |  | 
 |  |     |     |  |  +- MlmeIh_ParseFrameHeader (see above)
 |  |     |     |  |  |  
 |  |     |     |  |  +- FLib_MemInPlaceCpy   (see above)
 |  |     |     |  |  |  
 |  |     |     |  |  +- FLib_MemCpy          (see above)
 |  |     |     |  |  |  
 |  |     |     |  |  +- MCPS_NWK_SapHandler  (see above)
 |  |     |     |  |     
 |  |     |     |  +- MlmeIh_ParseCommandFrame
 |  |     |     |  |  | 
 |  |     |     |  |  +- MlmeIh_ParseFrameHeader (see above)
 |  |     |     |  |  |  
 |  |     |     |  |  +- FLib_AddOffsetToPointer (see above)
 |  |     |     |  |  |  
 |  |     |     |  |  +- MM_Alloc             (see above)
 |  |     |     |  |     
 |  |     |     |  +- MlmeIh_ProcessBeaconRequest
 |  |     |     |  |  | 
 |  |     |     |  |  +- MM_Free              (see above)
 |  |     |     |  |  |  
 |  |     |     |  |  +- PacLib_CreateBeaconPacket (see above)
 |  |     |     |  |  |  
 |  |     |     |  |  +- MlmeOh_SendMsgToMem  (see above) (recursive dependency)
 |  |     |     |  |     
 |  |     |     |  +- MlmeIh_ProcessRemoteDataRequest
 |  |     |     |  |  | 
 |  |     |     |  |  +- MlmeOh_NwkMsg        (see above)
 |  |     |     |  |  |  
 |  |     |     |  |  +- FLib_MemCpy          (see above)
 |  |     |     |  |  |  
 |  |     |     |  |  +- MLME_NWK_SapHandler  (see above)
 |  |     |     |  |  |  
 |  |     |     |  |  +- MM_Free              (see above)
 |  |     |     |  |  |  
 |  |     |     |  |  +- PacMan_GetFromIndirectQueue
 |  |     |     |  |  |  | 
 |  |     |     |  |  |  +- List_GetFirst        (see above)
 |  |     |     |  |  |  |  
 |  |     |     |  |  |  +- MlmeIh_ParseFrameHeader (see above)
 |  |     |     |  |  |  |  
 |  |     |     |  |  |  +- _PUSH_CC             (see above)
 |  |     |     |  |  |  |  
 |  |     |     |  |  |  +- _POP_CC              (see above)
 |  |     |     |  |  |  |  
 |  |     |     |  |  |  +- FLib_AddrModeToLength (see above)
 |  |     |     |  |  |  |  
 |  |     |     |  |  |  +- FLib_MemCmp          (see above)
 |  |     |     |  |  |  |  
 |  |     |     |  |  |  +- List_Remove          (see above)
 |  |     |     |  |  |  |  
 |  |     |     |  |  |  +- PacManToPp_RemoveFromIndirect (see above)
 |  |     |     |  |  |  |  
 |  |     |     |  |  |  +- TMR_StopTimer        (see above)
 |  |     |     |  |  |  |  
 |  |     |     |  |  |  +- List_GetNext         (see above)
 |  |     |     |  |  |     
 |  |     |     |  |  +- MLME_MEM_SapHandler  (see above) (recursive dependency)
 |  |     |     |  |  |  
 |  |     |     |  |  +- PacLib_CreateZeroLengthDataPacket
 |  |     |     |  |  |  | 
 |  |     |     |  |  |  +- MM_Alloc             (see above)
 |  |     |     |  |  |  |  
 |  |     |     |  |  |  +- FLib_ArrayInit       (see above)
 |  |     |     |  |  |  |  
 |  |     |     |  |  |  +- FLib_ArraySetOffset  (see above)
 |  |     |     |  |  |  |  
 |  |     |     |  |  |  +- _PUSH_CC             (see above)
 |  |     |     |  |  |  |  
 |  |     |     |  |  |  +- _POP_CC              (see above)
 |  |     |     |  |  |  |  
 |  |     |     |  |  |  +- FLib_ArrayAddArray   (see above)
 |  |     |     |  |  |  |  
 |  |     |     |  |  |  +- FLib_AddrModeToLength (see above)
 |  |     |     |  |  |  |  
 |  |     |     |  |  |  +- FLib_ArrayLength     (see above)
 |  |     |     |  |  |     
 |  |     |     |  |  +- MlmeOh_SendMsgToMem  (see above) (recursive dependency)
 |  |     |     |  |     
 |  |     |     |  +- MlmeIh_ProcessPollConfirm
 |  |     |     |  |  | 
 |  |     |     |  |  +- _PUSH_CC             (see above)
 |  |     |     |  |  |  
 |  |     |     |  |  +- _POP_CC              (see above)
 |  |     |     |  |  |  
 |  |     |     |  |  +- MM_Free              (see above)
 |  |     |     |  |  |  
 |  |     |     |  |  +- List_AddHead         (see above)
 |  |     |     |  |  |  
 |  |     |     |  |  +- PacLib_CreatePollPacket (see above)
 |  |     |     |  |  |  
 |  |     |     |  |  +- MlmeOh_SendMsgToMem  (see above) (recursive dependency)
 |  |     |     |  |     
 |  |     |     |  +- MlmeIh_ProcessMemTxCnf
 |  |     |     |     | 
 |  |     |     |     +- PacMan_AddToIndirectQueueHead (see above) (recursive dependency)
 |  |     |     |     |  
 |  |     |     |     +- MM_Free              (see above)
 |  |     |     |     |  
 |  |     |     |     +- PacMan_PurgeAfterSeqAction (see above)
 |  |     |     |     |  
 |  |     |     |     +- SendDataCnf          (see above)
 |  |     |     |        
 |  |     |     +- Mlme_FreeSendPendingMsg (see above) (recursive dependency)
 |  |     |     |  
 |  |     |     +- Mcps_ConvertNwkMsg  
 |  |     |     |  | 
 |  |     |     |  +- _PUSH_CC             (see above)
 |  |     |     |  |  
 |  |     |     |  +- _POP_CC              (see above)
 |  |     |     |  |  
 |  |     |     |  +- FLib_MemCpy          (see above)
 |  |     |     |  |  
 |  |     |     |  +- MlmeOh_CreateCommandFrame (see above)
 |  |     |     |  |  
 |  |     |     |  +- MlmeGts_CheckValidGts
 |  |     |     |  |    
 |  |     |     |  +- SendDataCnf          (see above)
 |  |     |     |  |  
 |  |     |     |  +- FLib_MemInPlaceCpy   (see above)
 |  |     |     |  |  
 |  |     |     |  +- MlmeOh_SendMsgToMem  (see above) (recursive dependency)
 |  |     |     |     
 |  |     |     +- MlmeIh_ProcessPurgeRequest
 |  |     |     |  | 
 |  |     |     |  +- PacMan_Purge        
 |  |     |     |  |  | 
 |  |     |     |  |  +- PacMan_PurgeFromQueue
 |  |     |     |  |     | 
 |  |     |     |  |     +- List_GetFirst        (see above)
 |  |     |     |  |     |  
 |  |     |     |  |     +- _PUSH_CC             (see above)
 |  |     |     |  |     |  
 |  |     |     |  |     +- _POP_CC              (see above)
 |  |     |     |  |     |  
 |  |     |     |  |     +- List_Remove          (see above)
 |  |     |     |  |     |  
 |  |     |     |  |     +- PacManToPp_RemoveFromIndirect (see above)
 |  |     |     |  |     |  
 |  |     |     |  |     +- MM_Free              (see above)
 |  |     |     |  |     |  
 |  |     |     |  |     +- List_GetNext         (see above)
 |  |     |     |  |     |  
 |  |     |     |  |     +- MemOh_IsTxPacketInSequencer
 |  |     |     |  |        | 
 |  |     |     |  |        +- _PUSH_CC             (see above)
 |  |     |     |  |        |  
 |  |     |     |  |        +- _POP_CC              (see above)
 |  |     |     |  |           
 |  |     |     |  +- MCPS_NWK_SapHandler  (see above)
 |  |     |     |     
 |  |     |     +- MM_Free              (see above)
 |  |     |     |  
 |  |     |     +- Asp_Main            
 |  |     |     |  | 
 |  |     |     |  +- List_RemoveHead      (see above)
 |  |     |     |  |  
 |  |     |     |  +- Asp_SendBeaconStateInd
 |  |     |     |  |  | 
 |  |     |     |  |  +- MemOh_SeqReadClockReq (see above)
 |  |     |     |  |  |  
 |  |     |     |  |  +- Asp_ZbClock24ToByteArray
 |  |     |     |  |       
 |  |     |     |  +- ASP_APP_SapHandler  
 |  |     |     |  |  | 
 |  |     |     |  |  +- MM_Free              (see above)
 |  |     |     |  |     
 |  |     |     |  +- MM_Free              (see above)
 |  |     |     |  |  
 |  |     |     |  +- TS_SendEvent         (see above)
 |  |     |     |  |  
 |  |     |     |  +- ASP_TestMain        
 |  |     |     |     | 
 |  |     |     |     +- _CALL_STAR08_FAR     (see above)
 |  |     |     |        
 |  |     |     +- BeaconMaintenance   
 |  |     |        | 
 |  |     |        +- MlmeGts_GuardedActionHandler
 |  |     |        |  | 
 |  |     |        |  +- MlmeGts_Reset        (see above)
 |  |     |        |  |  
 |  |     |        |  +- MlmeGts_ProcessPendingRequest
 |  |     |        |  |  | 
 |  |     |        |  |  +- MlmeOh_CreateCommandFrameMessage (see above)
 |  |     |        |  |  |  
 |  |     |        |  |  +- gtsDeallocateSlot    (see above)
 |  |     |        |  |  |  
 |  |     |        |  |  +- gtsAlignSlots        (see above)
 |  |     |        |  |  |  
 |  |     |        |  |  +- gtsSendIndication    (see above) (recursive dependency)
 |  |     |        |  |  |  
 |  |     |        |  |  +- MlmeGts_SendConfirm  (see above) (recursive dependency)
 |  |     |        |  |  |  
 |  |     |        |  |  +- Mlme_FreeSendPendingMsg (see above) (recursive dependency)
 |  |     |        |  |     
 |  |     |        |  +- gtsExpireSlot       
 |  |     |        |  |  | 
 |  |     |        |  |  +- gtsFlushAnchor       (see above)
 |  |     |        |  |  |  
 |  |     |        |  |  +- FLib_MemCpy          (see above)
 |  |     |        |  |  |  
 |  |     |        |  |  +- FLib_MemSet          (see above)
 |  |     |        |  |  |  
 |  |     |        |  |  +- gtsAlignSlots        (see above)
 |  |     |        |  |  |  
 |  |     |        |  |  +- gtsSendIndication    (see above) (recursive dependency)
 |  |     |        |  |     
 |  |     |        |  +- gtsForcedDelete     
 |  |     |        |     | 
 |  |     |        |     +- gtsSendIndication    (see above) (recursive dependency)
 |  |     |        |     |  
 |  |     |        |     +- gtsDeallocateSlot    (see above)
 |  |     |        |     |  
 |  |     |        |     +- gtsAlignSlots        (see above)
 |  |     |        |        
 |  |     |        +- MlmeGts_GenerateGtsData (see above)
 |  |     |        |  
 |  |     |        +- PacMan_CheckForExpired (see above)
 |  |     |           
 |  |     +- TS_CreateTask        (see above)
 |  |     |  
 |  |     +- _CALL_STAR08_FAR     (see above)
 |  |        
 |  +- AppTask             
 |  |  | 
 |  |  +- List_RemoveHead      (see above)
 |  |  |  
 |  |  +- App_WaitMsg         
 |  |  |    
 |  |  +- MM_Free              (see above)
 |  |  |  
 |  |  +- App_StartScan       
 |  |  |  | 
 |  |  |  +- MM_Alloc             (see above)
 |  |  |  |  
 |  |  |  +- NWK_MLME_SapHandler 
 |  |  |  |  | 
 |  |  |  |  +- Mlme_VerifyNwkInput 
 |  |  |  |  |  | 
 |  |  |  |  |  +- FLib_MemCmp          (see above)
 |  |  |  |  |  |  
 |  |  |  |  |  +- _LLSL                (see above)
 |  |  |  |  |  |  
 |  |  |  |  |  +- _POP32               (see above)
 |  |  |  |  |  |  
 |  |  |  |  |  +- _LCMP                (see above)
 |  |  |  |  |  |  
 |  |  |  |  |  +- Mlme_CheckPibAttributes
 |  |  |  |  |     | 
 |  |  |  |  |     +- _LLSL                (see above)
 |  |  |  |  |     |  
 |  |  |  |  |     +- _POP32               (see above)
 |  |  |  |  |     |  
 |  |  |  |  |     +- _SEXT16_32           (see above)
 |  |  |  |  |        
 |  |  |  |  +- ZTC_TaskEventMonitor
 |  |  |  |  |    
 |  |  |  |  +- Mlme_HandleSetGetReq
 |  |  |  |  |  | 
 |  |  |  |  |  +- MPIB_GetPointer      (see above)
 |  |  |  |  |  |  
 |  |  |  |  |  +- _PUSH_CC             (see above)
 |  |  |  |  |  |  
 |  |  |  |  |  +- _POP_CC              (see above)
 |  |  |  |  |  |  
 |  |  |  |  |  +- MlmeOh_MemMsg        (see above)
 |  |  |  |  |  |  
 |  |  |  |  |  +- PhyPpSetPanId        (see above)
 |  |  |  |  |  |  
 |  |  |  |  |  +- PhyPpSetShortAddr    (see above)
 |  |  |  |  |  |  
 |  |  |  |  |  +- PhyPpSetPromiscuous  (see above)
 |  |  |  |  |  |  
 |  |  |  |  |  +- FLib_MemCpyDir      
 |  |  |  |  |  |  | 
 |  |  |  |  |  |  +- FLib_MemCpy          (see above)
 |  |  |  |  |  |     
 |  |  |  |  |  +- MlmeOh_SendMem       (see above) (recursive dependency)
 |  |  |  |  |     
 |  |  |  |  +- Mlme_Reset          
 |  |  |  |  |  | 
 |  |  |  |  |  +- PhyAbort             (see above)
 |  |  |  |  |  |  
 |  |  |  |  |  +- PhyInit              (see above)
 |  |  |  |  |  |  
 |  |  |  |  |  +- MacPhyInit_WriteExtAddress (see above)
 |  |  |  |  |  |  
 |  |  |  |  |  +- PhyPpSetCcaThreshold (see above)
 |  |  |  |  |  |  
 |  |  |  |  |  +- InitializeMac        (see above)
 |  |  |  |  |     
 |  |  |  |  +- List_AddTail         (see above)
 |  |  |  |  |  
 |  |  |  |  +- TS_SendEvent         (see above)
 |  |  |  |     
 |  |  |  +- UartUtil_Print      
 |  |  |     | 
 |  |  |     +- Uart1_IsTxActive    
 |  |  |     |    
 |  |  |     +- UartUtil_TxCallback 
 |  |  |     |  | 
 |  |  |     |  +- UartUtil_TxCallbackPaged
 |  |  |     |       
 |  |  |     +- Uart1_Transmit      
 |  |  |        | 
 |  |  |        +- _CMP24_RC            (see above)
 |  |  |        |  
 |  |  |        +- _CALL_STAR08_FAR     (see above)
 |  |  |           
 |  |  +- App_HandleScanPassiveConfirm
 |  |  |  | 
 |  |  |  +- FLib_MemCpy          (see above)
 |  |  |  |  
 |  |  |  +- MM_Free              (see above)
 |  |  |  |  
 |  |  |  +- MM_Alloc             (see above)
 |  |  |  |  
 |  |  |  +- NWK_MLME_SapHandler  (see above)
 |  |  |     
 |  |  +- UartUtil_PrintHex   
 |  |  |  | 
 |  |  |  +- Uart1_IsTxActive     (see above)
 |  |  |  |  
 |  |  |  +- HexToAscii          
 |  |  |  |    
 |  |  |  +- UartUtil_TxCallback  (see above)
 |  |  |  |  
 |  |  |  +- Uart1_Transmit       (see above)
 |  |  |     
 |  |  +- App_SendAssociateRequest
 |  |  |  | 
 |  |  |  +- MM_Alloc             (see above)
 |  |  |  |  
 |  |  |  +- FLib_MemCpy          (see above)
 |  |  |  |  
 |  |  |  +- NWK_MLME_SapHandler  (see above)
 |  |  |  |  
 |  |  |  +- UartUtil_Print       (see above)
 |  |  |     
 |  |  +- App_HandleAssociateConfirm
 |  |  |  | 
 |  |  |  +- App_SetMacPib       
 |  |  |  |  | 
 |  |  |  |  +- NWK_MLME_SapHandler  (see above)
 |  |  |  |     
 |  |  |  +- FLib_MemCpy          (see above)
 |  |  |     
 |  |  +- TS_SendEvent         (see above)
 |  |  |  
 |  |  +- App_HandleMlmeInput 
 |  |  |  | 
 |  |  |  +- MM_Free              (see above)
 |  |  |     
 |  |  +- App_TransmitUartData
 |  |  |  | 
 |  |  |  +- Uart1_GetByteFromRxBuffer
 |  |  |  |    
 |  |  |  +- MM_Alloc             (see above)
 |  |  |  |  
 |  |  |  +- FLib_MemCpy          (see above)
 |  |  |  |  
 |  |  |  +- NWK_MCPS_SapHandler 
 |  |  |  |  | 
 |  |  |  |  +- List_AddTail         (see above)
 |  |  |  |  |  
 |  |  |  |  +- _CMP24_RC            (see above)
 |  |  |  |  |  
 |  |  |  |  +- SeqSubCompIdleState  (see above) (recursive dependency)
 |  |  |  |  |  
 |  |  |  |  +- _PUSH_CC             (see above)
 |  |  |  |  |  
 |  |  |  |  +- _POP_CC              (see above)
 |  |  |  |  |  
 |  |  |  |  +- gMemLwrSm            (see above)
 |  |  |  |  |  
 |  |  |  |  +- MemDataWfTxComplete  (see above) (recursive dependency)
 |  |  |  |  |  
 |  |  |  |  +- MemLwrIdle           (see above) (recursive dependency)
 |  |  |  |  |  
 |  |  |  |  +- TS_SendEvent         (see above)
 |  |  |  |  |  
 |  |  |  |  +- ZTC_TaskEventMonitor (see above)
 |  |  |  |     
 |  |  |  +- TS_SendEvent         (see above)
 |  |  |     
 |  |  +- App_HandleMcpsInput 
 |  |  |  | 
 |  |  |  +- UartUtil_Tx         
 |  |  |     | 
 |  |  |     +- UartUtil_TxCallback  (see above)
 |  |  |     |  
 |  |  |     +- Uart1_Transmit       (see above)
 |  |  |     |  
 |  |  |     +- Uart1_IsTxActive     (see above)
 |  |  |        
 |  |  +- UartUtil_Print       (see above)
 |  |     
 |  +- TS_CreateTask        (see above)
 |  |  
 |  +- MApp_init           
 |  |  | 
 |  |  +- Init_MacExtendedAddress
 |  |  |  | 
 |  |  |  +- MacPhyInit_WriteExtAddress (see above)
 |  |  |     
 |  |  +- App_HandleKeys      
 |  |  |  | 
 |  |  |  +- App_HandleGenericKey
 |  |  |     | 
 |  |  |     +- LED_StopFlash       
 |  |  |     |  | 
 |  |  |     |  +- LED_TurnOffLed      
 |  |  |     |  |    
 |  |  |     |  +- TMR_StopTimer        (see above)
 |  |  |     |     
 |  |  |     +- TS_SendEvent         (see above)
 |  |  |        
 |  |  +- KBD_Init            
 |  |  |  | 
 |  |  |  +- TMR_AllocateTimer    (see above)
 |  |  |  |  
 |  |  |  +- KBD_MatrixSetRows    (see above)
 |  |  |     
 |  |  +- SPI1_Init           
 |  |  |    
 |  |  +- LED_Init            
 |  |  |  | 
 |  |  |  +- TMR_AllocateTimer    (see above)
 |  |  |  |  
 |  |  |  +- LED_TurnOffAllLeds  
 |  |  |     | 
 |  |  |     +- LED_TurnOffLed       (see above)
 |  |  |        
 |  |  +- PWRLib_Init         
 |  |  |    
 |  |  +- Uart1_SetBaud        (see above)
 |  |  |  
 |  |  +- UartRxCallBack      
 |  |  |  | 
 |  |  |  +- TS_SendEvent         (see above)
 |  |  |  |  
 |  |  |  +- Uart1_GetByteFromRxBuffer (see above)
 |  |  |     
 |  |  +- Uart1_SetRxCallBack 
 |  |  |  | 
 |  |  |  +- _CMP24_RC            (see above)
 |  |  |     
 |  |  +- List_ClearAnchor     (see above)
 |  |  |  
 |  |  +- LED_StartFlash      
 |  |  |  | 
 |  |  |  +- LED_FlashTimeout    
 |  |  |  |    
 |  |  |  +- TMR_StartIntervalTimer (see above)
 |  |  |     
 |  |  +- UartUtil_Print       (see above)
 |  |     
 |  +- PWR_DisallowDeviceToSleep
 |  |    
 |  +- TS_Scheduler        
 |     | 
 |     +- _CALL_STAR08_FAR     (see above)
 |        
 +- _Startup             (see above) (recursive dependency)
    
*********************************************************************************************
STATISTIC SECTION
---------------------------------------------------------------------------------------------

ExeFile:
--------
Number of blocks to be downloaded: 16
Total size of all blocks to be downloaded: 49319

